\BOOKMARK [0][]{chapter*.2}{\376\377\000L\000i\000s\000t\000a\000\040\000f\000i\000g\000u\000r\000i\000l\000o\000r}{}% 1
\BOOKMARK [0][]{chapter*.3}{\376\377\000L\000i\000s\000t\000a\000\040\000t\000a\000b\000e\000l\000e\000l\000o\000r}{}% 2
\BOOKMARK [0][]{chapter*.4}{\376\377\000L\000i\000s\000t\000a\000\040\000a\000c\000r\000o\000n\000i\000m\000e\000l\000o\000r}{}% 3
\BOOKMARK [0][]{chapter.1}{\376\377\000I\000n\000t\000r\000o\000d\000u\000c\000e\000r\000e}{}% 4
\BOOKMARK [1][]{section.1.1}{\376\377\000P\000r\000e\000z\000e\000n\000t\000a\000r\000e\000a\000\040\000p\000r\000o\000i\000e\000c\000t\000u\000l\000u\000i}{chapter.1}% 5
\BOOKMARK [1][]{section.1.2}{\376\377\000S\000c\000o\000p\000u\000l\000\040\000p\000r\000o\000i\000e\000c\000t\000u\000l\000u\000i}{chapter.1}% 6
\BOOKMARK [1][]{section.1.3}{\376\377\000S\000t\000r\000u\000c\000t\000u\000r\000a\000\040\000l\000u\000c\000r\001\003\000r\000i\000i}{chapter.1}% 7
\BOOKMARK [0][]{chapter.2}{\376\377\000A\000s\000p\000e\000c\000t\000e\000l\000e\000\040\000t\000e\000o\000r\000e\000t\000i\000c\000e\000\040\000a\000l\000e\000\040\000p\000r\000o\000i\000e\000c\000t\000u\000l\000u\000i\000\040\002\031\000i\000\040\000t\000e\000h\000n\000o\000l\000o\000g\000i\000i}{}% 8
\BOOKMARK [1][]{section.2.1}{\376\377\000A\000p\000l\000i\000c\000a\002\033\000i\000a\000\040\000w\000e\000b}{chapter.2}% 9
\BOOKMARK [2][]{subsection.2.1.1}{\376\377\000A\000r\000h\000i\000t\000e\000c\000t\000u\000r\000i\000\040\000c\000o\000m\000u\000n\000e}{section.2.1}% 10
\BOOKMARK [1][]{section.2.2}{\376\377\000P\000r\000o\000t\000o\000c\000o\000l\000u\000l\000\040\000H\000T\000T\000P}{chapter.2}% 11
\BOOKMARK [2][]{subsection.2.2.1}{\376\377\000C\000o\000m\000p\000o\000n\000e\000n\000t\000e\000l\000e\000\040\000s\000i\000s\000t\000e\000m\000e\000l\000o\000r\000\040\000b\000a\000z\000a\000t\000e\000\040\000p\000e\000\040\000H\000T\000T\000P}{section.2.2}% 12
\BOOKMARK [3][]{subsubsection.2.2.1.1}{\376\377\000C\000l\000i\000e\000n\000t\000u\000l\000:\000\040\000u\000s\000e\000r\000-\000a\000g\000e\000n\000t\000-\000u\000l}{subsection.2.2.1}% 13
\BOOKMARK [3][]{subsubsection.2.2.1.2}{\376\377\000S\000e\000r\000v\000e\000r\000-\000u\000l\000\040\000w\000e\000b}{subsection.2.2.1}% 14
\BOOKMARK [3][]{subsubsection.2.2.1.3}{\376\377\000C\000o\000m\000p\000o\000n\000e\000n\000t\000e\000\040\000U\000R\000L}{subsection.2.2.1}% 15
\BOOKMARK [2][]{subsection.2.2.2}{\376\377\000C\000o\000n\000e\000x\000i\000u\000n\000e\000a\000\040\000H\000T\000T\000P}{section.2.2}% 16
\BOOKMARK [3][]{subsubsection.2.2.2.1}{\376\377\000C\000u\000m\000\040\000f\000u\000n\000c\002\033\000i\000o\000n\000e\000a\000z\001\003\000\040\000o\000\040\000c\000o\000n\000e\000x\000i\000u\000n\000e\000\040\000H\000T\000T\000P}{subsection.2.2.2}% 17
\BOOKMARK [2][]{subsection.2.2.3}{\376\377\000M\000e\000s\000a\000j\000e\000\040\000H\000T\000T\000P}{section.2.2}% 18
\BOOKMARK [3][]{subsubsection.2.2.3.1}{\376\377\000S\000t\000r\000u\000c\000t\000u\000r\000a\000\040\000m\000e\000s\000a\000j\000e\000l\000o\000r\000\040\000H\000T\000T\000P}{subsection.2.2.3}% 19
\BOOKMARK [3][]{subsubsection.2.2.3.2}{\376\377\000C\000e\000r\000e\000r\000i\000\040\000H\000T\000T\000P}{subsection.2.2.3}% 20
\BOOKMARK [3][]{subsubsection.2.2.3.3}{\376\377\000R\001\003\000s\000p\000u\000n\000s\000u\000r\000i\000\040\000H\000T\000T\000P}{subsection.2.2.3}% 21
\BOOKMARK [1][]{section.2.3}{\376\377\000F\000r\000a\000m\000e\000w\000o\000r\000k\000-\000u\000l\000\040\000F\000l\000a\000s\000k\000\040\000P\000y\000t\000h\000o\000n}{chapter.2}% 22
\BOOKMARK [2][]{subsection.2.3.1}{\376\377\000P\000r\000e\000z\000e\000n\000t\000a\000r\000e\000\040\000g\000e\000n\000e\000r\000a\000l\001\003}{section.2.3}% 23
\BOOKMARK [2][]{subsection.2.3.2}{\376\377\000R\000o\000l\000u\000l\000\040\000F\000l\000a\000s\000k\000\040\000\356\000n\000\040\000a\000p\000l\000i\000c\000a\002\033\000i\000e\000\040\000d\000e\000z\000v\000o\000l\000t\000a\000t\001\003}{section.2.3}% 24
\BOOKMARK [1][]{section.2.4}{\376\377\000S\000i\000s\000t\000e\000m\000u\000l\000\040\000d\000e\000\040\000B\000a\000z\000e\000\040\000d\000e\000\040\000D\000a\000t\000e\000\040\000M\000y\000S\000Q\000L}{chapter.2}% 25
\BOOKMARK [2][]{subsection.2.4.1}{\376\377\000C\000o\000n\000c\000e\000p\000t\000e\000\040\000d\000e\000\040\000B\000a\000z\000e\000\040\000d\000e\000\040\000D\000a\000t\000e\000\040\000R\000e\000l\000a\002\033\000i\000o\000n\000a\000l\000e\000\040\002\031\000i\000\040\000S\000G\000B\000D}{section.2.4}% 26
\BOOKMARK [2][]{subsection.2.4.2}{\376\377\000B\000a\000z\000e\000\040\000d\000e\000\040\000D\000a\000t\000e\000\040\000D\000i\000s\000t\000r\000i\000b\000u\000i\000t\000e\000\040\002\031\000i\000\040\000R\000e\000p\000l\000i\000c\000a\000r\000e\000a\000\040\000M\000a\000s\000t\000e\000r\000-\000S\000l\000a\000v\000e}{section.2.4}% 27
\BOOKMARK [2][]{subsection.2.4.3}{\376\377\000L\000i\000m\000b\000a\000j\000u\000l\000\040\000S\000Q\000L\000\040\002\031\000i\000\040\000S\000e\000c\000u\000r\000i\000t\000a\000t\000e\000a\000\040\000D\000a\000t\000e\000l\000o\000r}{section.2.4}% 28
\BOOKMARK [1][]{section.2.5}{\376\377\000N\000g\000i\000n\000x\000\040\000\050\000L\000o\000a\000d\000\040\000B\000a\000l\000a\000n\000c\000i\000n\000g\000\040\002\031\000i\000\040\000R\000e\000v\000e\000r\000s\000e\000\040\000P\000r\000o\000x\000y\000\051}{chapter.2}% 29
\BOOKMARK [2][]{subsection.2.5.1}{\376\377\000P\000r\000i\000n\000c\000i\000p\000i\000u\000l\000\040\000d\000e\000\040\000F\000u\000n\000c\002\033\000i\000o\000n\000a\000r\000e\000\040\000a\000l\000\040\000L\000o\000a\000d\000\040\000B\000a\000l\000a\000n\000c\000i\000n\000g\000-\000u\000l\000u\000i}{section.2.5}% 30
\BOOKMARK [2][]{subsection.2.5.2}{\376\377\000I\000n\000t\000e\000g\000r\000a\000r\000e\000a\000\040\000N\000g\000i\000n\000x\000\040\000c\000u\000\040\000F\000l\000a\000s\000k\000\040\000c\000a\000\040\000R\000e\000v\000e\000r\000s\000e\000\040\000P\000r\000o\000x\000y}{section.2.5}% 31
\BOOKMARK [2][]{subsection.2.5.3}{\376\377\000I\000m\000p\000a\000c\000t\000u\000l\000\040\000a\000s\000u\000p\000r\000a\000\040\000F\000l\000u\000x\000u\000r\000i\000l\000o\000r\000\040\000d\000e\000\040\000A\000p\000l\000i\000c\000a\002\033\000i\000e}{section.2.5}% 32
\BOOKMARK [0][]{chapter.3}{\376\377\000A\000r\000h\000i\000t\000e\000c\000t\000u\000r\000a\000\040\002\031\000i\000\040\000S\000t\000r\000u\000c\000t\000u\000r\000a\000\040\000A\000p\000l\000i\000c\000a\002\033\000i\000e\000i}{}% 33
\BOOKMARK [1][]{section.3.1}{\376\377\000I\000n\000t\000r\000o\000d\000u\000c\000e\000r\000e}{chapter.3}% 34
\BOOKMARK [1][]{section.3.2}{\376\377\000A\000r\000h\000i\000t\000e\000c\000t\000u\000r\000a\000\040\000G\000e\000n\000e\000r\000a\000l\001\003\000\040\000a\000\040\000S\000i\000s\000t\000e\000m\000u\000l\000u\000i\000\040\000D\000i\000s\000t\000r\000i\000b\000u\000i\000t}{chapter.3}% 35
\BOOKMARK [1][]{section.3.3}{\376\377\000A\000r\000h\000i\000t\000e\000c\000t\000u\000r\000a\000\040\000B\000a\000z\000e\000i\000\040\000d\000e\000\040\000D\000a\000t\000e}{chapter.3}% 36
\BOOKMARK [2][]{subsection.3.3.1}{\376\377\000I\000n\000t\000r\000o\000d\000u\000c\000e\000r\000e}{section.3.3}% 37
\BOOKMARK [2][]{subsection.3.3.2}{\376\377\000T\000a\000b\000e\000l\000a\000\040\000u\000s\000e\000r\000s}{section.3.3}% 38
\BOOKMARK [3][]{subsubsection.3.3.2.1}{\376\377\000T\000a\000b\000e\000l\000a\000\040\000p\000r\000o\000p\000e\000r\000t\000i\000e\000s}{subsection.3.3.2}% 39
\BOOKMARK [3][]{subsubsection.3.3.2.2}{\376\377\000T\000a\000b\000e\000l\000a\000\040\000r\000o\000o\000m\000s}{subsection.3.3.2}% 40
\BOOKMARK [3][]{subsubsection.3.3.2.3}{\376\377\000T\000a\000b\000e\000l\000a\000\040\000r\000e\000s\000e\000r\000v\000a\000t\000i\000o\000n\000s}{subsection.3.3.2}% 41
\BOOKMARK [3][]{subsubsection.3.3.2.4}{\376\377\000T\000a\000b\000e\000l\000a\000\040\000r\000e\000s\000e\000r\000v\000a\000t\000i\000o\000n\000\137\000d\000e\000t\000a\000i\000l\000s}{subsection.3.3.2}% 42
\BOOKMARK [2][]{subsection.3.3.3}{\376\377\000S\000t\000r\000u\000c\000t\000u\000r\000a\000\040\000T\000a\000b\000e\000l\000e\000l\000o\000r\000\040\002\031\000i\000\040\000R\000e\000l\000a\002\033\000i\000i\000l\000e}{section.3.3}% 43
\BOOKMARK [2][]{subsection.3.3.4}{\376\377\000F\000l\000u\000x\000u\000l\000\040\000D\000a\000t\000e\000l\000o\000r\000\040\002\031\000i\000\040\000F\000u\000n\000c\002\033\000i\000o\000n\000a\000r\000e\000a\000\040\000G\000e\000n\000e\000r\000a\000l\001\003\000\040\000a\000\040\000B\000a\000z\000e\000i\000\040\000d\000e\000\040\000D\000a\000t\000e}{section.3.3}% 44
\BOOKMARK [2][]{subsection.3.3.5}{\376\377\000I\000m\000p\000o\000r\000t\000a\000n\002\033\000a\000\040\000I\000n\000t\000e\000g\000r\000i\000t\001\003\002\033\000i\000i\000\040\000R\000e\000f\000e\000r\000e\000n\002\033\000i\000a\000l\000e}{section.3.3}% 45
\BOOKMARK [1][]{section.3.4}{\376\377\000S\000t\000r\000u\000c\000t\000u\000r\000a\000\040\000I\000n\000t\000e\000r\000n\001\003\000\040\000a\000\040\000A\000p\000l\000i\000c\000a\002\033\000i\000e\000i\000\040\000F\000l\000a\000s\000k}{chapter.3}% 46
\BOOKMARK [2][]{subsection.3.4.1}{\376\377\000O\000r\000g\000a\000n\000i\000z\000a\000r\000e\000a\000\040\000c\000o\000d\000u\000l\000u\000i\000\040\000s\000u\000r\000s\001\003}{section.3.4}% 47
\BOOKMARK [2][]{subsection.3.4.2}{\376\377\000B\000i\000b\000l\000i\000o\000t\000e\000c\000i\000\040\000P\000r\000i\000n\000c\000i\000p\000a\000l\000e\000\040\000U\000t\000i\000l\000i\000z\000a\000t\000e}{section.3.4}% 48
\BOOKMARK [2][]{subsection.3.4.3}{\376\377\000C\000o\000n\000f\000i\000g\000u\000r\000a\000r\000e\000a\000\040\000A\000p\000l\000i\000c\000a\002\033\000i\000e\000i}{section.3.4}% 49
\BOOKMARK [0][]{chapter.4}{\376\377\000M\000e\000c\000a\000n\000i\000s\000m\000e\000\040\000d\000e\000\040\000C\000o\000m\000u\000n\000i\000c\000a\000r\000e\000\040\002\031\000i\000\040\000S\000e\000c\000u\000r\000i\000t\000a\000t\000e\000\040\000\050\000F\000u\000n\000c\002\033\000i\000o\000n\000a\000l\000i\000t\001\003\002\033\000i\000l\000e\000\040\000A\000p\000l\000i\000c\000a\002\033\000i\000e\000i\000\051}{}% 50
\BOOKMARK [1][]{section.4.1}{\376\377\000I\000n\000t\000r\000o\000d\000u\000c\000e\000r\000e\000\040\000\356\000n\000\040\000M\000e\000c\000a\000n\000i\000s\000m\000u\000l\000\040\000d\000e\000\040\000C\000o\000m\000u\000n\000i\000c\000a\000r\000e}{chapter.4}% 51
\BOOKMARK [1][]{section.4.2}{\376\377\000\316\000n\000r\000e\000g\000i\000s\000t\000r\000a\000r\000e\000a\000\040\002\031\000i\000\040\000A\000u\000t\000e\000n\000t\000i\000f\000i\000c\000a\000r\000e\000\040\000U\000t\000i\000l\000i\000z\000a\000t\000o\000r}{chapter.4}% 52
\BOOKMARK [2][]{subsection.4.2.1}{\376\377\000F\000o\000r\000m\000u\000l\000a\000r\000u\000l\000\040\000d\000e\000\040\000\356\000n\000r\000e\000g\000i\000s\000t\000r\000a\000r\000e}{section.4.2}% 53
\BOOKMARK [2][]{subsection.4.2.2}{\376\377\000F\000o\000r\000m\000u\000l\000a\000r\000u\000l\000\040\000d\000e\000\040\000a\000u\000t\000e\000n\000t\000i\000f\000i\000c\000a\000r\000e}{section.4.2}% 54
\BOOKMARK [2][]{subsection.4.2.3}{\376\377\000M\000e\000c\000a\000n\000i\000s\000m\000e\000l\000e\000\040\000d\000e\000\040\000S\000e\000c\000u\000r\000i\000t\000a\000t\000e}{section.4.2}% 55
\BOOKMARK [2][]{subsection.4.2.4}{\376\377\000M\000e\000c\000a\000n\000i\000s\000m\000u\000l\000\040\000d\000e\000\040\000G\000e\000s\000t\000i\000u\000n\000e\000\040\000a\000\040\000S\000e\000s\000i\000u\000n\000i\000i}{section.4.2}% 56
\BOOKMARK [2][]{subsection.4.2.5}{\376\377\000I\000n\000t\000e\000r\000a\000c\002\033\000i\000u\000n\000e\000a\000\040\000c\000u\000\040\000B\000a\000z\000a\000\040\000d\000e\000\040\000D\000a\000t\000e}{section.4.2}% 57
\BOOKMARK [3][]{subsubsection.4.2.5.1}{\376\377\000T\000e\000r\000m\000i\000n\000a\000r\000e\000a\000\040\000S\000e\000s\000i\000u\000n\000i\000i\000\040\000U\000t\000i\000l\000i\000z\000a\000t\000o\000r\000u\000l\000u\000i}{subsection.4.2.5}% 58
\BOOKMARK [1][]{section.4.3}{\376\377\000P\000a\000g\000i\000n\000a\000\040\000P\000r\000i\000n\000c\000i\000p\000a\000l\001\003\000\040\000\050\000H\000o\000m\000e\000p\000a\000g\000e\000\051}{chapter.4}% 59
\BOOKMARK [2][]{subsection.4.3.1}{\376\377\000P\000r\000e\000z\000e\000n\000t\000a\000r\000e\000a\000\040\000F\000r\000o\000n\000t\000e\000n\000d\000\040\000\050\000h\000o\000m\000e\000.\000h\000t\000m\000l\000\051}{section.4.3}% 60
\BOOKMARK [2][]{subsection.4.3.2}{\376\377\000L\000o\000g\000i\000c\000a\000\040\000B\000a\000c\000k\000e\000n\000d\000\040\000\050\000R\000u\000t\000a\000\040\000/\000\040\000\356\000n\000\040\000a\000p\000p\000.\000p\000y\000\051}{section.4.3}% 61
\BOOKMARK [1][]{section.4.4}{\376\377\000P\000a\000g\000i\000n\000a\000\040\000d\000e\000\040\000P\000r\000o\000f\000i\000l\000:\000\040\000D\000a\000s\000h\000b\000o\000a\000r\000d\000-\000u\000l\000\040\000P\000e\000r\000s\000o\000n\000a\000l\000i\000z\000a\000t\000\040\000a\000l\000\040\000U\000t\000i\000l\000i\000z\000a\000t\000o\000r\000u\000l\000u\000i}{chapter.4}% 62
\BOOKMARK [2][]{subsection.4.4.1}{\376\377\000P\000r\000e\000z\000e\000n\000t\000a\000r\000e\000a\000\040\000F\000r\000o\000n\000t\000e\000n\000d\000\040\000\050\000p\000r\000o\000f\000i\000l\000e\000.\000h\000t\000m\000l\000\051}{section.4.4}% 63
\BOOKMARK [2][]{subsection.4.4.2}{\376\377\000L\000o\000g\000i\000c\000a\000\040\000B\000a\000c\000k\000e\000n\000d\000\040\000\050\000R\000u\000t\000a\000\040\000/\000p\000r\000o\000f\000i\000l\000e\000\040\000\356\000n\000\040\000a\000p\000p\000.\000p\000y\000\051}{section.4.4}% 64
\BOOKMARK [1][]{section.4.5}{\376\377\000M\000o\000d\000i\000f\000i\000c\000a\000r\000e\000a\000\040\000D\000a\000t\000e\000l\000o\000r\000\040\000d\000e\000\040\000P\000r\000o\000f\000i\000l}{chapter.4}% 65
\BOOKMARK [2][]{subsection.4.5.1}{\376\377\000P\000r\000e\000z\000e\000n\000t\000a\000r\000e\000a\000\040\000F\000r\000o\000n\000t\000e\000n\000d\000\040\000\050\000e\000d\000i\000t\000-\000p\000r\000o\000f\000i\000l\000e\000.\000h\000t\000m\000l\000\051}{section.4.5}% 66
\BOOKMARK [1][]{section.4.6}{\376\377\000P\000a\000n\000o\000u\000l\000\040\000d\000e\000\040\000A\000d\000m\000i\000n\000i\000s\000t\000r\000a\000r\000e\000:\000\040\000P\000r\000i\000v\000i\000l\000e\000g\000i\000u\000\040\002\031\000i\000\040\000A\000g\000r\000e\000g\000a\000r\000e\000\040\000d\000e\000\040\000D\000a\000t\000e}{chapter.4}% 67
\BOOKMARK [2][]{subsection.4.6.1}{\376\377\000D\000i\000f\000e\000r\000e\000n\002\033\000a\000\040\000F\000u\000n\000d\000a\000m\000e\000n\000t\000a\000l\001\003\000\040\000f\000a\002\033\001\003\000\040\000d\000e\000\040\000P\000r\000o\000f\000i\000l\000u\000l\000\040\000d\000e\000\040\000U\000t\000i\000l\000i\000z\000a\000t\000o\000r}{section.4.6}% 68
\BOOKMARK [2][]{subsection.4.6.2}{\376\377\000P\000r\000e\000z\000e\000n\000t\000a\000r\000e\000a\000\040\000F\000r\000o\000n\000t\000e\000n\000d\000\040\000\050\000a\000d\000m\000i\000n\000.\000h\000t\000m\000l\000\051}{section.4.6}% 69
\BOOKMARK [2][]{subsection.4.6.3}{\376\377\000L\000o\000g\000i\000c\000a\000\040\000B\000a\000c\000k\000e\000n\000d\000\040\000\050\000R\000u\000t\000a\000\040\000/\000a\000d\000m\000i\000n\000\040\000\356\000n\000\040\000a\000p\000p\000.\000p\000y\000\051}{section.4.6}% 70
\BOOKMARK [1][]{section.4.7}{\376\377\000F\000l\000u\000x\000u\000l\000\040\000d\000e\000\040\000C\001\003\000u\000t\000a\000r\000e\000\040\002\031\000i\000\040\000R\000e\000c\000o\000m\000a\000n\000d\001\003\000r\000i\000\040\000P\000e\000r\000s\000o\000n\000a\000l\000i\000z\000a\000t\000e}{chapter.4}% 71
\BOOKMARK [2][]{subsection.4.7.1}{\376\377\000E\000t\000a\000p\000a\000\040\0001\000:\000\040\000C\001\003\000u\000t\000a\000r\000e\000a\000\040\000I\000n\000i\002\033\000i\000a\000l\001\003\000\040\000\050\000d\000e\000\040\000p\000e\000\040\000H\000o\000m\000e\000p\000a\000g\000e\000\051}{section.4.7}% 72
\BOOKMARK [2][]{subsection.4.7.2}{\376\377\000E\000t\000a\000p\000a\000\040\0002\000:\000\040\000A\000f\000i\002\031\000a\000r\000e\000a\000\040\000R\000e\000z\000u\000l\000t\000a\000t\000e\000l\000o\000r\000\040\000\050\000s\000e\000a\000r\000c\000h\000\137\000r\000e\000s\000u\000l\000t\000s\000.\000h\000t\000m\000l\000\051}{section.4.7}% 73
\BOOKMARK [2][]{subsection.4.7.3}{\376\377\000E\000t\000a\000p\000a\000\040\0003\000:\000\040\000C\000a\000l\000c\000u\000l\000a\000t\000o\000r\000u\000l\000\040\000d\000e\000\040\000D\000i\000s\000p\000o\000n\000i\000b\000i\000l\000i\000t\000a\000t\000e\000\040\002\031\000i\000\040\000R\000e\000c\000o\000m\000a\000n\000d\001\003\000r\000i\000\040\000\050\000v\000i\000e\000w\000\137\000p\000r\000o\000p\000e\000r\000t\000y\000.\000h\000t\000m\000l\000\051}{section.4.7}% 74
\BOOKMARK [2][]{subsection.4.7.4}{\376\377\000A\000l\000g\000o\000r\000i\000t\000m\000u\000l\000\040\000d\000e\000\040\000R\000e\000c\000o\000m\000a\000n\000d\000a\000r\000e\000\040\000\050\000g\000e\000t\000\137\000r\000e\000c\000o\000m\000m\000e\000n\000d\000a\000t\000i\000o\000n\000s\000\050\000\051\000\051}{section.4.7}% 75
\BOOKMARK [1][]{section.4.8}{\376\377\000A\000d\001\003\000u\000g\000a\000r\000e\000a\000\040\000u\000n\000e\000i\000\040\000P\000r\000o\000p\000r\000i\000e\000t\001\003\002\033\000i\000\040\000N\000o\000i}{chapter.4}% 76
\BOOKMARK [2][]{subsection.4.8.1}{\376\377\000P\000r\000e\000z\000e\000n\000t\000a\000r\000e\000a\000\040\000F\000r\000o\000n\000t\000e\000n\000d\000\040\000\050\000a\000d\000d\000\137\000p\000r\000o\000p\000e\000r\000t\000y\000.\000h\000t\000m\000l\000\051}{section.4.8}% 77
\BOOKMARK [2][]{subsection.4.8.2}{\376\377\000L\000o\000g\000i\000c\000a\000\040\000B\000a\000c\000k\000e\000n\000d\000\040\000\050\000R\000u\000t\000a\000\040\000/\000a\000d\000d\000\137\000p\000r\000o\000p\000e\000r\000t\000y\000\040\000\356\000n\000\040\000a\000p\000p\000.\000p\000y\000\051}{section.4.8}% 78
\BOOKMARK [1][]{section.4.9}{\376\377\000G\000e\000s\000t\000i\000u\000n\000e\000a\000\040\000P\000r\000o\000p\000r\000i\000e\000t\001\003\002\033\000i\000l\000o\000r\000\040\000P\000e\000r\000s\000o\000n\000a\000l\000e}{chapter.4}% 79
\BOOKMARK [2][]{subsection.4.9.1}{\376\377\000P\000r\000e\000z\000e\000n\000t\000a\000r\000e\000a\000\040\000F\000r\000o\000n\000t\000e\000n\000d\000\040\000\050\000m\000y\000\137\000p\000r\000o\000p\000e\000r\000t\000i\000e\000s\000.\000h\000t\000m\000l\000\051}{section.4.9}% 80
\BOOKMARK [2][]{subsection.4.9.2}{\376\377\000L\000o\000g\000i\000c\000a\000\040\000B\000a\000c\000k\000e\000n\000d\000\040\000\050\000R\000u\000t\000a\000\040\000/\000m\000y\000-\000p\000r\000o\000p\000e\000r\000t\000i\000e\000s\000\040\000\356\000n\000\040\000a\000p\000p\000.\000p\000y\000\051}{section.4.9}% 81
\BOOKMARK [1][]{section.4.10}{\376\377\000M\000o\000d\000i\000f\000i\000c\000a\000r\000e\000a\000\040\000u\000n\000e\000i\000\040\000P\000r\000o\000p\000r\000i\000e\000t\001\003\002\033\000i\000\040\000E\000x\000i\000s\000t\000e\000n\000t\000e}{chapter.4}% 82
\BOOKMARK [2][]{subsection.4.10.1}{\376\377\000P\000r\000e\000z\000e\000n\000t\000a\000r\000e\000a\000\040\000F\000r\000o\000n\000t\000e\000n\000d\000\040\000\050\000e\000d\000i\000t\000\137\000p\000r\000o\000p\000e\000r\000t\000y\000.\000h\000t\000m\000l\000\051}{section.4.10}% 83
\BOOKMARK [1][]{section.4.11}{\376\377\002\030\000t\000e\000r\000g\000e\000r\000e\000a\000\040\000u\000n\000e\000i\000\040\000P\000r\000o\000p\000r\000i\000e\000t\001\003\002\033\000i}{chapter.4}% 84
\BOOKMARK [2][]{subsubsection.4.11.0.1}{\376\377\000C\000o\000d\000\040\000R\000e\000l\000e\000v\000a\000t}{section.4.11}% 85
\BOOKMARK [1][]{section.4.12}{\376\377\000P\000r\000o\000c\000e\000s\000u\000l\000\040\000d\000e\000\040\000R\000e\000z\000e\000r\000v\000a\000r\000e\000\040\000E\000f\000e\000c\000t\000i\000v\001\003}{chapter.4}% 86
\BOOKMARK [2][]{subsection.4.12.1}{\376\377\000C\001\003\000u\000t\000a\000r\000e\000a\000\040\002\031\000i\000\040\000I\000n\000i\002\033\000i\000e\000r\000e\000a\000\040\000R\000e\000z\000e\000r\000v\001\003\000r\000i\000i\000\040\000\050\000/\000s\000e\000a\000r\000c\000h\000\137\000r\000e\000s\000u\000l\000t\000s\000\040\002\031\000i\000\040\000/\000p\000r\000o\000p\000e\000r\000t\000y\000/\000<\000i\000d\000>\000\051}{section.4.12}% 87
\BOOKMARK [3][]{subsubsection.4.12.1.1}{\376\377\000P\000r\000e\000z\000e\000n\000t\000a\000r\000e\000a\000\040\000F\000r\000o\000n\000t\000e\000n\000d\000\040\000\050\000s\000e\000a\000r\000c\000h\000\137\000r\000e\000s\000u\000l\000t\000s\000.\000h\000t\000m\000l\000\040\002\031\000i\000\040\000v\000i\000e\000w\000\137\000p\000r\000o\000p\000e\000r\000t\000y\000.\000h\000t\000m\000l\000\051}{subsection.4.12.1}% 88
\BOOKMARK [3][]{subsubsection.4.12.1.2}{\376\377\000L\000o\000g\000i\000c\000a\000\040\000B\000a\000c\000k\000e\000n\000d\000\040\000\050\000/\000p\000r\000o\000p\000e\000r\000t\000y\000/\000<\000i\000d\000>\000\040\000\356\000n\000\040\000a\000p\000p\000.\000p\000y\000\051}{subsection.4.12.1}% 89
\BOOKMARK [2][]{subsection.4.12.2}{\376\377\000C\000o\000n\000f\000i\000r\000m\000a\000r\000e\000a\000\040\002\031\000i\000\040\000F\000i\000n\000a\000l\000i\000z\000a\000r\000e\000a\000\040\000R\000e\000z\000e\000r\000v\001\003\000r\000i\000i\000\040\000\050\000/\000b\000o\000o\000k\000i\000n\000g\000/\000c\000o\000n\000f\000i\000r\000m\000\051}{section.4.12}% 90
\BOOKMARK [3][]{subsubsection.4.12.2.1}{\376\377\000P\000r\000e\000z\000e\000n\000t\000a\000r\000e\000a\000\040\000F\000r\000o\000n\000t\000e\000n\000d\000\040\000\050\000b\000o\000o\000k\000i\000n\000g\000\137\000c\000o\000n\000f\000i\000r\000m\000a\000t\000i\000o\000n\000.\000h\000t\000m\000l\000\051}{subsection.4.12.2}% 91
\BOOKMARK [3][]{subsubsection.4.12.2.2}{\376\377\000L\000o\000g\000i\000c\000a\000\040\000B\000a\000c\000k\000e\000n\000d\000\040\000\050\000/\000b\000o\000o\000k\000i\000n\000g\000/\000c\000o\000n\000f\000i\000r\000m\000\040\000\356\000n\000\040\000a\000p\000p\000.\000p\000y\000\051}{subsection.4.12.2}% 92
\BOOKMARK [2][]{subsection.4.12.3}{\376\377\000P\000a\000g\000i\000n\000a\000\040\000d\000e\000\040\000C\000o\000n\000f\000i\000r\000m\000a\000r\000e\000\040\000a\000\040\000R\000e\000z\000e\000r\000v\001\003\000r\000i\000i\000\040\000\050\000/\000b\000o\000o\000k\000i\000n\000g\000/\000s\000u\000c\000c\000e\000s\000s\000\051}{section.4.12}% 93
\BOOKMARK [3][]{subsubsection.4.12.3.1}{\376\377\000P\000r\000e\000z\000e\000n\000t\000a\000r\000e\000a\000\040\000F\000r\000o\000n\000t\000e\000n\000d\000\040\000\050\000r\000e\000s\000e\000r\000v\000a\000t\000i\000o\000n\000\137\000s\000u\000c\000c\000e\000s\000s\000.\000h\000t\000m\000l\000\051}{subsection.4.12.3}% 94
\BOOKMARK [3][]{subsubsection.4.12.3.2}{\376\377\000L\000o\000g\000i\000c\000a\000\040\000B\000a\000c\000k\000e\000n\000d\000\040\000\050\000/\000b\000o\000o\000k\000i\000n\000g\000/\000s\000u\000c\000c\000e\000s\000s\000\040\000\356\000n\000\040\000a\000p\000p\000.\000p\000y\000\051}{subsection.4.12.3}% 95
\BOOKMARK [2][]{subsection.4.12.4}{\376\377\000V\000i\000z\000u\000a\000l\000i\000z\000a\000r\000e\000a\000\040\002\031\000i\000\040\000G\000e\000s\000t\000i\000o\000n\000a\000r\000e\000a\000\040\000R\000e\000z\000e\000r\000v\001\003\000r\000i\000l\000o\000r}{section.4.12}% 96
\BOOKMARK [3][]{subsubsection.4.12.4.1}{\376\377\000P\000r\000e\000z\000e\000n\000t\000a\000r\000e\000a\000\040\000F\000r\000o\000n\000t\000e\000n\000d\000\040\000\050\000m\000y\000\137\000r\000e\000s\000e\000r\000v\000a\000t\000i\000o\000n\000s\000.\000h\000t\000m\000l\000\051}{subsection.4.12.4}% 97
\BOOKMARK [3][]{subsubsection.4.12.4.2}{\376\377\000L\000o\000g\000i\000c\000a\000\040\000B\000a\000c\000k\000e\000n\000d\000\040\000\050\000/\000m\000y\000-\000r\000e\000s\000e\000r\000v\000a\000t\000i\000o\000n\000s\000\040\000\356\000n\000\040\000a\000p\000p\000.\000p\000y\000\051}{subsection.4.12.4}% 98
\BOOKMARK [2][]{subsection.4.12.5}{\376\377\000A\000n\000u\000l\000a\000r\000e\000a\000\040\000R\000e\000z\000e\000r\000v\001\003\000r\000i\000i\000\040\000\050\000/\000c\000a\000n\000c\000e\000l\000\137\000r\000e\000s\000e\000r\000v\000a\000t\000i\000o\000n\000/\000<\000i\000n\000t\000:\000r\000e\000s\000e\000r\000v\000a\000t\000i\000o\000n\000\137\000i\000d\000>\000\051}{section.4.12}% 99
\BOOKMARK [3][]{subsubsection.4.12.5.1}{\376\377\000L\000o\000g\000i\000c\000a\000\040\000B\000a\000c\000k\000e\000n\000d\000\040\000\050\000/\000c\000a\000n\000c\000e\000l\000\137\000r\000e\000s\000e\000r\000v\000a\000t\000i\000o\000n\000/\000<\000i\000n\000t\000:\000r\000e\000s\000e\000r\000v\000a\000t\000i\000o\000n\000\137\000i\000d\000>\000\040\000\356\000n\000\040\000a\000p\000p\000.\000p\000y\000\051}{subsection.4.12.5}% 100
\BOOKMARK [2][]{subsection.4.12.6}{\376\377\000G\000e\000s\000t\000i\000o\000n\000a\000r\000e\000a\000\040\000R\000e\000z\000e\000r\000v\001\003\000r\000i\000l\000o\000r\000\040\000P\000r\000o\000p\000r\000i\000e\000t\001\003\002\033\000i\000l\000o\000r\000\040\000P\000e\000r\000s\000o\000n\000a\000l\000e}{section.4.12}% 101
\BOOKMARK [3][]{subsubsection.4.12.6.1}{\376\377\000P\000r\000e\000z\000e\000n\000t\000a\000r\000e\000a\000\040\000F\000r\000o\000n\000t\000e\000n\000d\000\040\000\050\000m\000a\000n\000a\000g\000e\000\137\000p\000r\000o\000p\000e\000r\000t\000y\000\137\000r\000e\000s\000e\000r\000v\000a\000t\000i\000o\000n\000s\000.\000h\000t\000m\000l\000\051}{subsection.4.12.6}% 102
\BOOKMARK [3][]{subsubsection.4.12.6.2}{\376\377\000L\000o\000g\000i\000c\000a\000\040\000B\000a\000c\000k\000e\000n\000d\000\040\000\050\000/\000m\000a\000n\000a\000g\000e\000\137\000p\000r\000o\000p\000e\000r\000t\000y\000\137\000r\000e\000s\000e\000r\000v\000a\000t\000i\000o\000n\000s\000/\000<\000i\000n\000t\000:\000p\000r\000o\000p\000e\000r\000t\000y\000\137\000i\000d\000>\000\040\000\356\000n\000\040\000a\000p\000p\000.\000p\000y\000\051}{subsection.4.12.6}% 103
\BOOKMARK [0][]{chapter.5}{\376\377\000A\000r\000h\000i\000t\000e\000c\000t\000u\000r\000a\000\040\000d\000e\000\040\000S\000u\000p\000o\000r\000t\000\040\002\031\000i\000\040\000\316\000n\000a\000l\000t\001\003\000\040\000D\000i\000s\000p\000o\000n\000i\000b\000i\000l\000i\000t\000a\000t\000e}{}% 104
\BOOKMARK [1][]{section.5.1}{\376\377\000I\000n\000t\000r\000o\000d\000u\000c\000e\000r\000e\000\040\000\356\000n\000\040\000A\000r\000h\000i\000t\000e\000c\000t\000u\000r\000a\000\040\000d\000e\000\040\000S\000u\000p\000o\000r\000t}{chapter.5}% 105
\BOOKMARK [1][]{section.5.2}{\376\377\000R\000o\000l\000u\000l\000\040\000N\000g\000i\000n\000x\000\040\000\050\000L\000o\000a\000d\000\040\000B\000a\000l\000a\000n\000c\000i\000n\000g\000\040\002\031\000i\000\040\000R\000e\000v\000e\000r\000s\000e\000\040\000P\000r\000o\000x\000y\000\051\000\040\000\356\000n\000\040\000C\000o\000n\000t\000e\000x\000t\000u\000l\000\040\000A\000r\000h\000i\000t\000e\000c\000t\000u\000r\000i\000i\000\040\000I\000m\000p\000l\000e\000m\000e\000n\000t\000a\000t\000e}{chapter.5}% 106
\BOOKMARK [2][]{subsection.5.2.1}{\376\377\000A\000p\000l\000i\000c\000a\000r\000e\000a\000\040\000L\000o\000a\000d\000\040\000B\000a\000l\000a\000n\000c\000i\000n\000g\000-\000u\000l\000u\000i\000\040\000\356\000n\000\040\000A\000r\000h\000i\000t\000e\000c\000t\000u\000r\000a\000\040\000P\000r\000o\000i\000e\000c\000t\000u\000l\000u\000i}{section.5.2}% 107
\BOOKMARK [2][]{subsection.5.2.2}{\376\377\000I\000n\000t\000e\000g\000r\000a\000r\000e\000a\000\040\000N\000g\000i\000n\000x\000\040\000c\000u\000\040\000F\000l\000a\000s\000k\000\040\000c\000a\000\040\000R\000e\000v\000e\000r\000s\000e\000\040\000P\000r\000o\000x\000y\000\040\002\031\000i\000\040\000S\000e\000r\000v\000i\000r\000e\000a\000\040\000F\000i\002\031\000i\000e\000r\000e\000l\000o\000r\000\040\000S\000t\000a\000t\000i\000c\000e}{section.5.2}% 108
\BOOKMARK [2][]{subsection.5.2.3}{\376\377\000I\000m\000p\000a\000c\000t\000u\000l\000\040\000a\000s\000u\000p\000r\000a\000\040\000F\000l\000u\000x\000u\000r\000i\000l\000o\000r\000\040\000d\000e\000\040\000A\000p\000l\000i\000c\000a\002\033\000i\000e}{section.5.2}% 109
\BOOKMARK [1][]{section.5.3}{\376\377\000M\000e\000c\000a\000n\000i\000s\000m\000u\000l\000\040\000R\000e\000m\000a\000r\000c\000a\000b\000i\000l\000:\000\040\000R\000o\000l\000u\000l\000\040\000R\000e\000p\000l\000i\000c\001\003\000r\000i\000i\000\040\000M\000y\000S\000Q\000L\000\040\000\050\000M\000a\000s\000t\000e\000r\000-\000S\000l\000a\000v\000e\000\051\000\040\000\356\000n\000\040\000C\000o\000n\000t\000e\000x\000t\000u\000l\000\040\000F\000l\000u\000x\000u\000r\000i\000l\000o\000r\000\040\000R\000e\000a\000l\000e}{chapter.5}% 110
\BOOKMARK [2][]{subsection.5.3.1}{\376\377\000S\000e\000p\000a\000r\000a\000r\000e\000a\000\040\000C\000i\000t\000i\000r\000i\000l\000o\000r\000\040\000d\000e\000\040\000S\000c\000r\000i\000e\000r\000i\000\040\000\050\000R\000e\000a\000d\000/\000W\000r\000i\000t\000e\000\040\000S\000p\000l\000i\000t\000t\000i\000n\000g\000\051\000\040\000\356\000n\000\040\000I\000m\000p\000l\000e\000m\000e\000n\000t\000a\000r\000e\000a\000\040\000P\000r\000o\000i\000e\000c\000t\000u\000l\000u\000i}{section.5.3}% 111
\BOOKMARK [2][]{subsection.5.3.2}{\376\377\000I\000m\000p\000a\000c\000t\000u\000l\000\040\000R\000e\000p\000l\000i\000c\001\003\000r\000i\000i\000\040\000a\000s\000u\000p\000r\000a\000\040\000F\000l\000u\000x\000u\000r\000i\000l\000o\000r\000\040\000d\000e\000\040\000A\000p\000l\000i\000c\000a\002\033\000i\000e\000\040\002\031\000i\000\040\000R\000e\000z\000i\000l\000i\000e\000n\002\033\000e\000i\000\040\000S\000i\000s\000t\000e\000m\000u\000l\000u\000i}{section.5.3}% 112
\BOOKMARK [1][]{section.5.4}{\376\377\000R\000o\000l\000u\000l\000\040\000I\000n\000f\000r\000a\000s\000t\000r\000u\000c\000t\000u\000r\000i\000i\000\040\000d\000e\000\040\000V\000i\000r\000t\000u\000a\000l\000i\000z\000a\000r\000e\000\040\000\356\000n\000\040\000T\000e\000s\000t\000a\000r\000e\000a\000\040\000A\000r\000h\000i\000t\000e\000c\000t\000u\000r\000i\000i}{chapter.5}% 113
\BOOKMARK [2][]{subsection.5.4.1}{\376\377\000C\000r\000e\000a\000r\000e\000a\000\040\000u\000n\000u\000i\000\040\000M\000e\000d\000i\000u\000\040\000I\000z\000o\000l\000a\000t\000\040\002\031\000i\000\040\000C\000o\000n\000s\000i\000s\000t\000e\000n\000t}{section.5.4}% 114
\BOOKMARK [2][]{subsection.5.4.2}{\376\377\000T\000e\000s\000t\000a\000r\000e\000a\000\040\000S\000c\000e\000n\000a\000r\000i\000i\000l\000o\000r\000\040\000d\000e\000\040\000E\002\031\000e\000c\000\040\002\031\000i\000\040\000a\000\040\000R\000e\000z\000i\000l\000i\000e\000n\002\033\000e\000i}{section.5.4}% 115
\BOOKMARK [2][]{subsection.5.4.3}{\376\377\000F\000l\000e\000x\000i\000b\000i\000l\000i\000t\000a\000t\000e\000a\000\040\000\356\000n\000\040\000C\000o\000n\000f\000i\000g\000u\000r\000a\000r\000e\000\040\002\031\000i\000\040\000D\000e\000z\000v\000o\000l\000t\000a\000r\000e\000\040\000R\000a\000p\000i\000d\001\003}{section.5.4}% 116
\BOOKMARK [0][]{chapter.6}{\376\377\000T\000e\000s\000t\000a\000r\000e\000a\000\040\000P\000e\000r\000f\000o\000r\000m\000a\000n\002\033\000e\000i\000\040\002\031\000i\000\040\000A\000n\000a\000l\000i\000z\000a\000\040\000S\000c\000a\000l\000a\000b\000i\000l\000i\000t\001\003\002\033\000i\000i}{}% 117
\BOOKMARK [1][]{section.6.1}{\376\377\000I\000n\000t\000r\000o\000d\000u\000c\000e\000r\000e\000\040\000\356\000n\000\040\000T\000e\000s\000t\000a\000r\000e\000a\000\040\000d\000e\000\040\000P\000e\000r\000f\000o\000r\000m\000a\000n\002\033\001\003}{chapter.6}% 118
\BOOKMARK [1][]{section.6.2}{\376\377\000A\000l\000e\000g\000e\000r\000e\000a\000\040\000I\000n\000s\000t\000r\000u\000m\000e\000n\000t\000u\000l\000u\000i\000\040\000d\000e\000\040\000T\000e\000s\000t\000a\000r\000e\000:\000\040\000L\000o\000c\000u\000s\000t}{chapter.6}% 119
\BOOKMARK [1][]{section.6.3}{\376\377\000I\000m\000p\000l\000e\000m\000e\000n\000t\000a\000r\000e\000a\000\040\000T\000e\000s\000t\000e\000l\000o\000r\000\040\000c\000u\000\040\000L\000o\000c\000u\000s\000t}{chapter.6}% 120
\BOOKMARK [2][]{subsection.6.3.1}{\376\377\000E\000x\000e\000m\000p\000l\000u\000\040\000d\000e\000\040\000C\000o\000m\000p\000o\000r\000t\000a\000m\000e\000n\000t\000\040\000d\000e\000\040\000U\000t\000i\000l\000i\000z\000a\000t\000o\000r\000\040\000\050\000U\000s\000e\000r\000\040\000B\000e\000h\000a\000v\000i\000o\000r\000\051\000\040\000p\000e\000n\000t\000r\000u\000\040\000C\001\003\000u\000t\001\003\000r\000i}{section.6.3}% 121
\BOOKMARK [2][]{subsection.6.3.2}{\376\377\000E\000x\000e\000m\000p\000l\000u\000\040\000d\000e\000\040\000C\000o\000m\000p\000o\000r\000t\000a\000m\000e\000n\000t\000\040\000d\000e\000\040\000U\000t\000i\000l\000i\000z\000a\000t\000o\000r\000\040\000p\000e\000n\000t\000r\000u\000\040\000R\000e\000z\000e\000r\000v\001\003\000r\000i\000\040\000\050\000F\000l\000u\000x\000\040\000C\000o\000m\000p\000l\000e\000t\000\051}{section.6.3}% 122
\BOOKMARK [1][]{section.6.4}{\376\377\000P\000r\000o\000c\000e\000s\000u\000l\000\040\000d\000e\000\040\000E\000x\000e\000c\000u\002\033\000i\000e\000\040\002\031\000i\000\040\000M\000o\000n\000i\000t\000o\000r\000i\000z\000a\000r\000e}{chapter.6}% 123
\BOOKMARK [1][]{section.6.5}{\376\377\000A\000r\000h\000i\000t\000e\000c\000t\000u\000r\000a\000\040\000M\000e\000d\000i\000u\000l\000u\000i\000\040\000d\000e\000\040\000T\000e\000s\000t\000a\000r\000e}{chapter.6}% 124
\BOOKMARK [1][]{section.6.6}{\376\377\000S\000c\000e\000n\000a\000r\000i\000i\000\040\000d\000e\000\040\000T\000e\000s\000t\000a\000r\000e\000\040\000I\000m\000p\000l\000e\000m\000e\000n\000t\000a\000t\000e}{chapter.6}% 125
\BOOKMARK [2][]{subsection.6.6.1}{\376\377\000C\000a\000z\000u\000l\000\040\0001\000:\000\040\000A\000p\000l\000i\000c\000a\002\033\000i\000a\000\040\000F\000l\000a\000s\000k\000\040\000M\000o\000n\000o\000l\000i\000t\000i\000c\001\003\000\040\000\050\000B\000a\000s\000e\000l\000i\000n\000e\000\040\000-\000\040\000F\001\003\000r\001\003\000\040\000S\000c\000a\000l\000a\000r\000e\000/\000L\000o\000a\000d\000\040\000B\000a\000l\000a\000n\000c\000i\000n\000g\000\051}{section.6.6}% 126
\BOOKMARK [3][]{subsubsection.6.6.1.1}{\376\377\000C\000o\000n\000f\000i\000g\000u\000r\000a\002\033\000i\000a\000\040\000M\000e\000d\000i\000u\000l\000u\000i}{subsection.6.6.1}% 127
\BOOKMARK [3][]{subsubsection.6.6.1.2}{\376\377\000P\000r\000e\000g\001\003\000t\000i\000r\000e\000a\000\040\002\031\000i\000\040\000R\000u\000l\000a\000r\000e\000a\000\040\000T\000e\000s\000t\000u\000l\000u\000i\000\040\000L\000o\000c\000u\000s\000t}{subsection.6.6.1}% 128
\BOOKMARK [3][]{subsubsection.6.6.1.3}{\376\377\000C\000o\000l\000e\000c\000t\000a\000r\000e\000a\000\040\000M\000e\000t\000r\000i\000c\000i\000l\000o\000r\000\040\002\031\000i\000\040\000O\000b\000s\000e\000r\000v\000a\002\033\000i\000i}{subsection.6.6.1}% 129
\BOOKMARK [1][]{section.6.7}{\376\377\000A\000n\000a\000l\000i\000z\000a\000\040\000R\000e\000z\000u\000l\000t\000a\000t\000e\000l\000o\000r\000\040\002\031\000i\000\040\000I\000d\000e\000n\000t\000i\000f\000i\000c\000a\000r\000e\000a\000\040\000L\000i\000m\000i\000t\001\003\000r\000i\000l\000o\000r}{chapter.6}% 130
\BOOKMARK [1][]{section.6.8}{\376\377\000C\000a\000z\000u\000l\000\040\0001\000:\000\040\000A\000p\000l\000i\000c\000a\002\033\000i\000a\000\040\000F\000l\000a\000s\000A\000p\000l\000i\000c\000a\002\033\000i\000a\000\040\000F\000l\000a\000s\000k\000\040\000M\000o\000n\000o\000l\000i\000t\000i\000c\001\003\000\040\000\050\000B\000a\000s\000e\000l\000i\000n\000e\000\040\000-\000\040\000F\001\003\000r\001\003\000\040\000S\000c\000a\000l\000a\000r\000e\000/\000L\000o\000a\000d\000\040\000B\000a\000l\000a\000n\000c\000i\000n\000g\000\051}{chapter.6}% 131
\BOOKMARK [0][]{chapter.7}{\376\377\000C\000o\000n\000c\000l\000u\000z\000i\000i\000\040\002\031\000i\000\040\000D\000i\000r\000e\000c\002\033\000i\000i\000\040\000V\000i\000i\000t\000o\000a\000r\000e}{}% 132
\BOOKMARK [1][]{section.7.1}{\376\377\000C\000o\000n\000c\000l\000u\000z\000i\000i}{chapter.7}% 133
\BOOKMARK [1][]{section.7.2}{\376\377\000D\000i\000r\000e\000c\002\033\000i\000i\000\040\000V\000i\000i\000t\000o\000a\000r\000e\000\040\000d\000e\000\040\000D\000e\000z\000v\000o\000l\000t\000a\000r\000e}{chapter.7}% 134
\BOOKMARK [2][]{subsection.7.2.1}{\376\377\000E\000x\000t\000e\000n\000s\000i\000i\000\040\000a\000l\000e\000\040\000F\000u\000n\000c\002\033\000i\000o\000n\000a\000l\000i\000t\001\003\002\033\000i\000l\000o\000r\000\040\000A\000p\000l\000i\000c\000a\002\033\000i\000e\000i}{section.7.2}% 135
\BOOKMARK [2][]{subsection.7.2.2}{\376\377\000\316\000m\000b\000u\000n\001\003\000t\001\003\002\033\000i\000r\000i\000\040\000a\000l\000e\000\040\000P\000e\000r\000f\000o\000r\000m\000a\000n\002\033\000e\000i\000\040\002\031\000i\000\040\000S\000c\000a\000l\000a\000b\000i\000l\000i\000t\001\003\002\033\000i\000i\000\040\000I\000n\000f\000r\000a\000s\000t\000r\000u\000c\000t\000u\000r\000i\000i}{section.7.2}% 136
\BOOKMARK [2][]{subsection.7.2.3}{\376\377\000P\000r\000o\000c\000e\000s\000e\000\040\000d\000e\000\040\000D\000e\000z\000v\000o\000l\000t\000a\000r\000e\000\040\002\031\000i\000\040\000D\000e\000p\000l\000o\000y}{section.7.2}% 137
\BOOKMARK [1][]{section.7.3}{\376\377\000\316\000n\000c\000h\000e\000i\000e\000r\000e}{chapter.7}% 138
\BOOKMARK [0][]{appendix.A}{\376\377\000A\000n\000e\000x\000a\000\040\000A\000.\000\040\000C\000o\000d\000u\000r\000i\000\040\000s\000u\000r\000s\001\003}{}% 139
