This is pdfTeX, Version 3.141592653-2.6-1.40.27 (MiKTeX 25.4) (preloaded format=pdflatex 2025.8.24)  25 AUG 2025 00:29
entering extended mode
 restricted \write18 enabled.
 %&-line parsing enabled.
**./teza.tex
(teza.tex
LaTeX2e <2025-06-01> patch level 1
L3 programming layer <2025-07-20>
(teza-upb.cls
(C:\Users\senapi\AppData\Local\Programs\MiKTeX\tex/latex/base\inputenc.sty
Package: inputenc 2024/02/08 v1.3d Input encoding file
\inpenc@prehook=\toks17
\inpenc@posthook=\toks18

(C:\Users\senapi\AppData\Local\Programs\MiKTeX\tex/latex/ucs\utf8x.def
File: utf8x.def 2023/11/09 UCS: Input encoding UTF-8


Package ucs Info: utf8x disabled, assuming standard utf8 processing
(ucs)             load ucs package to force utf8x processing.

(C:\Users\senapi\AppData\Local\Programs\MiKTeX\tex/latex/base\utf8.def
File: utf8.def 2022/06/07 v1.3c UTF-8 support
Now handling font encoding OML ...
... no UTF-8 mapping file for font encoding OML
Now handling font encoding OMS ...
... processing UTF-8 mapping file for font encoding OMS

(C:\Users\senapi\AppData\Local\Programs\MiKTeX\tex/latex/base\omsenc.dfu
File: omsenc.dfu 2022/06/07 v1.3c UTF-8 support
   defining Unicode char U+00A7 (decimal 167)
   defining Unicode char U+00B6 (decimal 182)
   defining Unicode char U+00B7 (decimal 183)
   defining Unicode char U+2020 (decimal 8224)
   defining Unicode char U+2021 (decimal 8225)
   defining Unicode char U+2022 (decimal 8226)
)
Now handling font encoding OT1 ...
... processing UTF-8 mapping file for font encoding OT1

(C:\Users\senapi\AppData\Local\Programs\MiKTeX\tex/latex/base\ot1enc.dfu
File: ot1enc.dfu 2022/06/07 v1.3c UTF-8 support
   defining Unicode char U+00A0 (decimal 160)
   defining Unicode char U+00A1 (decimal 161)
   defining Unicode char U+00A3 (decimal 163)
   defining Unicode char U+00AD (decimal 173)
   defining Unicode char U+00B8 (decimal 184)
   defining Unicode char U+00BF (decimal 191)
   defining Unicode char U+00C5 (decimal 197)
   defining Unicode char U+00C6 (decimal 198)
   defining Unicode char U+00D8 (decimal 216)
   defining Unicode char U+00DF (decimal 223)
   defining Unicode char U+00E6 (decimal 230)
   defining Unicode char U+00EC (decimal 236)
   defining Unicode char U+00ED (decimal 237)
   defining Unicode char U+00EE (decimal 238)
   defining Unicode char U+00EF (decimal 239)
   defining Unicode char U+00F8 (decimal 248)
   defining Unicode char U+0131 (decimal 305)
   defining Unicode char U+0141 (decimal 321)
   defining Unicode char U+0142 (decimal 322)
   defining Unicode char U+0152 (decimal 338)
   defining Unicode char U+0153 (decimal 339)
   defining Unicode char U+0174 (decimal 372)
   defining Unicode char U+0175 (decimal 373)
   defining Unicode char U+0176 (decimal 374)
   defining Unicode char U+0177 (decimal 375)
   defining Unicode char U+0218 (decimal 536)
   defining Unicode char U+0219 (decimal 537)
   defining Unicode char U+021A (decimal 538)
   defining Unicode char U+021B (decimal 539)
   defining Unicode char U+0237 (decimal 567)
   defining Unicode char U+2013 (decimal 8211)
   defining Unicode char U+2014 (decimal 8212)
   defining Unicode char U+2018 (decimal 8216)
   defining Unicode char U+2019 (decimal 8217)
   defining Unicode char U+201C (decimal 8220)
   defining Unicode char U+201D (decimal 8221)
   defining Unicode char U+FB00 (decimal 64256)
   defining Unicode char U+FB01 (decimal 64257)
   defining Unicode char U+FB02 (decimal 64258)
   defining Unicode char U+FB03 (decimal 64259)
   defining Unicode char U+FB04 (decimal 64260)
   defining Unicode char U+FB05 (decimal 64261)
   defining Unicode char U+FB06 (decimal 64262)
)
Now handling font encoding T1 ...
... processing UTF-8 mapping file for font encoding T1

(C:\Users\senapi\AppData\Local\Programs\MiKTeX\tex/latex/base\t1enc.dfu
File: t1enc.dfu 2022/06/07 v1.3c UTF-8 support
   defining Unicode char U+00A0 (decimal 160)
   defining Unicode char U+00A1 (decimal 161)
   defining Unicode char U+00A3 (decimal 163)
   defining Unicode char U+00AB (decimal 171)
   defining Unicode char U+00AD (decimal 173)
   defining Unicode char U+00BB (decimal 187)
   defining Unicode char U+00BF (decimal 191)
   defining Unicode char U+00C0 (decimal 192)
   defining Unicode char U+00C1 (decimal 193)
   defining Unicode char U+00C2 (decimal 194)
   defining Unicode char U+00C3 (decimal 195)
   defining Unicode char U+00C4 (decimal 196)
   defining Unicode char U+00C5 (decimal 197)
   defining Unicode char U+00C6 (decimal 198)
   defining Unicode char U+00C7 (decimal 199)
   defining Unicode char U+00C8 (decimal 200)
   defining Unicode char U+00C9 (decimal 201)
   defining Unicode char U+00CA (decimal 202)
   defining Unicode char U+00CB (decimal 203)
   defining Unicode char U+00CC (decimal 204)
   defining Unicode char U+00CD (decimal 205)
   defining Unicode char U+00CE (decimal 206)
   defining Unicode char U+00CF (decimal 207)
   defining Unicode char U+00D0 (decimal 208)
   defining Unicode char U+00D1 (decimal 209)
   defining Unicode char U+00D2 (decimal 210)
   defining Unicode char U+00D3 (decimal 211)
   defining Unicode char U+00D4 (decimal 212)
   defining Unicode char U+00D5 (decimal 213)
   defining Unicode char U+00D6 (decimal 214)
   defining Unicode char U+00D8 (decimal 216)
   defining Unicode char U+00D9 (decimal 217)
   defining Unicode char U+00DA (decimal 218)
   defining Unicode char U+00DB (decimal 219)
   defining Unicode char U+00DC (decimal 220)
   defining Unicode char U+00DD (decimal 221)
   defining Unicode char U+00DE (decimal 222)
   defining Unicode char U+00DF (decimal 223)
   defining Unicode char U+00E0 (decimal 224)
   defining Unicode char U+00E1 (decimal 225)
   defining Unicode char U+00E2 (decimal 226)
   defining Unicode char U+00E3 (decimal 227)
   defining Unicode char U+00E4 (decimal 228)
   defining Unicode char U+00E5 (decimal 229)
   defining Unicode char U+00E6 (decimal 230)
   defining Unicode char U+00E7 (decimal 231)
   defining Unicode char U+00E8 (decimal 232)
   defining Unicode char U+00E9 (decimal 233)
   defining Unicode char U+00EA (decimal 234)
   defining Unicode char U+00EB (decimal 235)
   defining Unicode char U+00EC (decimal 236)
   defining Unicode char U+00ED (decimal 237)
   defining Unicode char U+00EE (decimal 238)
   defining Unicode char U+00EF (decimal 239)
   defining Unicode char U+00F0 (decimal 240)
   defining Unicode char U+00F1 (decimal 241)
   defining Unicode char U+00F2 (decimal 242)
   defining Unicode char U+00F3 (decimal 243)
   defining Unicode char U+00F4 (decimal 244)
   defining Unicode char U+00F5 (decimal 245)
   defining Unicode char U+00F6 (decimal 246)
   defining Unicode char U+00F8 (decimal 248)
   defining Unicode char U+00F9 (decimal 249)
   defining Unicode char U+00FA (decimal 250)
   defining Unicode char U+00FB (decimal 251)
   defining Unicode char U+00FC (decimal 252)
   defining Unicode char U+00FD (decimal 253)
   defining Unicode char U+00FE (decimal 254)
   defining Unicode char U+00FF (decimal 255)
   defining Unicode char U+0100 (decimal 256)
   defining Unicode char U+0101 (decimal 257)
   defining Unicode char U+0102 (decimal 258)
   defining Unicode char U+0103 (decimal 259)
   defining Unicode char U+0104 (decimal 260)
   defining Unicode char U+0105 (decimal 261)
   defining Unicode char U+0106 (decimal 262)
   defining Unicode char U+0107 (decimal 263)
   defining Unicode char U+0108 (decimal 264)
   defining Unicode char U+0109 (decimal 265)
   defining Unicode char U+010A (decimal 266)
   defining Unicode char U+010B (decimal 267)
   defining Unicode char U+010C (decimal 268)
   defining Unicode char U+010D (decimal 269)
   defining Unicode char U+010E (decimal 270)
   defining Unicode char U+010F (decimal 271)
   defining Unicode char U+0110 (decimal 272)
   defining Unicode char U+0111 (decimal 273)
   defining Unicode char U+0112 (decimal 274)
   defining Unicode char U+0113 (decimal 275)
   defining Unicode char U+0114 (decimal 276)
   defining Unicode char U+0115 (decimal 277)
   defining Unicode char U+0116 (decimal 278)
   defining Unicode char U+0117 (decimal 279)
   defining Unicode char U+0118 (decimal 280)
   defining Unicode char U+0119 (decimal 281)
   defining Unicode char U+011A (decimal 282)
   defining Unicode char U+011B (decimal 283)
   defining Unicode char U+011C (decimal 284)
   defining Unicode char U+011D (decimal 285)
   defining Unicode char U+011E (decimal 286)
   defining Unicode char U+011F (decimal 287)
   defining Unicode char U+0120 (decimal 288)
   defining Unicode char U+0121 (decimal 289)
   defining Unicode char U+0122 (decimal 290)
   defining Unicode char U+0123 (decimal 291)
   defining Unicode char U+0124 (decimal 292)
   defining Unicode char U+0125 (decimal 293)
   defining Unicode char U+0128 (decimal 296)
   defining Unicode char U+0129 (decimal 297)
   defining Unicode char U+012A (decimal 298)
   defining Unicode char U+012B (decimal 299)
   defining Unicode char U+012C (decimal 300)
   defining Unicode char U+012D (decimal 301)
   defining Unicode char U+012E (decimal 302)
   defining Unicode char U+012F (decimal 303)
   defining Unicode char U+0130 (decimal 304)
   defining Unicode char U+0131 (decimal 305)
   defining Unicode char U+0132 (decimal 306)
   defining Unicode char U+0133 (decimal 307)
   defining Unicode char U+0134 (decimal 308)
   defining Unicode char U+0135 (decimal 309)
   defining Unicode char U+0136 (decimal 310)
   defining Unicode char U+0137 (decimal 311)
   defining Unicode char U+0139 (decimal 313)
   defining Unicode char U+013A (decimal 314)
   defining Unicode char U+013B (decimal 315)
   defining Unicode char U+013C (decimal 316)
   defining Unicode char U+013D (decimal 317)
   defining Unicode char U+013E (decimal 318)
   defining Unicode char U+0141 (decimal 321)
   defining Unicode char U+0142 (decimal 322)
   defining Unicode char U+0143 (decimal 323)
   defining Unicode char U+0144 (decimal 324)
   defining Unicode char U+0145 (decimal 325)
   defining Unicode char U+0146 (decimal 326)
   defining Unicode char U+0147 (decimal 327)
   defining Unicode char U+0148 (decimal 328)
   defining Unicode char U+014A (decimal 330)
   defining Unicode char U+014B (decimal 331)
   defining Unicode char U+014C (decimal 332)
   defining Unicode char U+014D (decimal 333)
   defining Unicode char U+014E (decimal 334)
   defining Unicode char U+014F (decimal 335)
   defining Unicode char U+0150 (decimal 336)
   defining Unicode char U+0151 (decimal 337)
   defining Unicode char U+0152 (decimal 338)
   defining Unicode char U+0153 (decimal 339)
   defining Unicode char U+0154 (decimal 340)
   defining Unicode char U+0155 (decimal 341)
   defining Unicode char U+0156 (decimal 342)
   defining Unicode char U+0157 (decimal 343)
   defining Unicode char U+0158 (decimal 344)
   defining Unicode char U+0159 (decimal 345)
   defining Unicode char U+015A (decimal 346)
   defining Unicode char U+015B (decimal 347)
   defining Unicode char U+015C (decimal 348)
   defining Unicode char U+015D (decimal 349)
   defining Unicode char U+015E (decimal 350)
   defining Unicode char U+015F (decimal 351)
   defining Unicode char U+0160 (decimal 352)
   defining Unicode char U+0161 (decimal 353)
   defining Unicode char U+0162 (decimal 354)
   defining Unicode char U+0163 (decimal 355)
   defining Unicode char U+0164 (decimal 356)
   defining Unicode char U+0165 (decimal 357)
   defining Unicode char U+0168 (decimal 360)
   defining Unicode char U+0169 (decimal 361)
   defining Unicode char U+016A (decimal 362)
   defining Unicode char U+016B (decimal 363)
   defining Unicode char U+016C (decimal 364)
   defining Unicode char U+016D (decimal 365)
   defining Unicode char U+016E (decimal 366)
   defining Unicode char U+016F (decimal 367)
   defining Unicode char U+0170 (decimal 368)
   defining Unicode char U+0171 (decimal 369)
   defining Unicode char U+0172 (decimal 370)
   defining Unicode char U+0173 (decimal 371)
   defining Unicode char U+0174 (decimal 372)
   defining Unicode char U+0175 (decimal 373)
   defining Unicode char U+0176 (decimal 374)
   defining Unicode char U+0177 (decimal 375)
   defining Unicode char U+0178 (decimal 376)
   defining Unicode char U+0179 (decimal 377)
   defining Unicode char U+017A (decimal 378)
   defining Unicode char U+017B (decimal 379)
   defining Unicode char U+017C (decimal 380)
   defining Unicode char U+017D (decimal 381)
   defining Unicode char U+017E (decimal 382)
   defining Unicode char U+01C4 (decimal 452)
   defining Unicode char U+01C5 (decimal 453)
   defining Unicode char U+01C6 (decimal 454)
   defining Unicode char U+01C7 (decimal 455)
   defining Unicode char U+01C8 (decimal 456)
   defining Unicode char U+01C9 (decimal 457)
   defining Unicode char U+01CA (decimal 458)
   defining Unicode char U+01CB (decimal 459)
   defining Unicode char U+01CC (decimal 460)
   defining Unicode char U+01CD (decimal 461)
   defining Unicode char U+01CE (decimal 462)
   defining Unicode char U+01CF (decimal 463)
   defining Unicode char U+01D0 (decimal 464)
   defining Unicode char U+01D1 (decimal 465)
   defining Unicode char U+01D2 (decimal 466)
   defining Unicode char U+01D3 (decimal 467)
   defining Unicode char U+01D4 (decimal 468)
   defining Unicode char U+01E2 (decimal 482)
   defining Unicode char U+01E3 (decimal 483)
   defining Unicode char U+01E6 (decimal 486)
   defining Unicode char U+01E7 (decimal 487)
   defining Unicode char U+01E8 (decimal 488)
   defining Unicode char U+01E9 (decimal 489)
   defining Unicode char U+01EA (decimal 490)
   defining Unicode char U+01EB (decimal 491)
   defining Unicode char U+01F0 (decimal 496)
   defining Unicode char U+01F4 (decimal 500)
   defining Unicode char U+01F5 (decimal 501)
   defining Unicode char U+0218 (decimal 536)
   defining Unicode char U+0219 (decimal 537)
   defining Unicode char U+021A (decimal 538)
   defining Unicode char U+021B (decimal 539)
   defining Unicode char U+0232 (decimal 562)
   defining Unicode char U+0233 (decimal 563)
   defining Unicode char U+0237 (decimal 567)
   defining Unicode char U+02D9 (decimal 729)
   defining Unicode char U+02DB (decimal 731)
   defining Unicode char U+1E02 (decimal 7682)
   defining Unicode char U+1E03 (decimal 7683)
   defining Unicode char U+1E0D (decimal 7693)
   defining Unicode char U+1E1E (decimal 7710)
   defining Unicode char U+1E1F (decimal 7711)
   defining Unicode char U+1E25 (decimal 7717)
   defining Unicode char U+1E30 (decimal 7728)
   defining Unicode char U+1E31 (decimal 7729)
   defining Unicode char U+1E37 (decimal 7735)
   defining Unicode char U+1E8E (decimal 7822)
   defining Unicode char U+1E8F (decimal 7823)
   defining Unicode char U+1E43 (decimal 7747)
   defining Unicode char U+1E45 (decimal 7749)
   defining Unicode char U+1E47 (decimal 7751)
   defining Unicode char U+1E5B (decimal 7771)
   defining Unicode char U+1E63 (decimal 7779)
   defining Unicode char U+1E6D (decimal 7789)
   defining Unicode char U+1E90 (decimal 7824)
   defining Unicode char U+1E91 (decimal 7825)
   defining Unicode char U+1E9E (decimal 7838)
   defining Unicode char U+1EF2 (decimal 7922)
   defining Unicode char U+1EF3 (decimal 7923)
   defining Unicode char U+200C (decimal 8204)
   defining Unicode char U+2010 (decimal 8208)
   defining Unicode char U+2011 (decimal 8209)
   defining Unicode char U+2012 (decimal 8210)
   defining Unicode char U+2013 (decimal 8211)
   defining Unicode char U+2014 (decimal 8212)
   defining Unicode char U+2015 (decimal 8213)
   defining Unicode char U+2018 (decimal 8216)
   defining Unicode char U+2019 (decimal 8217)
   defining Unicode char U+201A (decimal 8218)
   defining Unicode char U+201C (decimal 8220)
   defining Unicode char U+201D (decimal 8221)
   defining Unicode char U+201E (decimal 8222)
   defining Unicode char U+2030 (decimal 8240)
   defining Unicode char U+2031 (decimal 8241)
   defining Unicode char U+2039 (decimal 8249)
   defining Unicode char U+203A (decimal 8250)
   defining Unicode char U+2423 (decimal 9251)
   defining Unicode char U+1E20 (decimal 7712)
   defining Unicode char U+1E21 (decimal 7713)
   defining Unicode char U+FB00 (decimal 64256)
   defining Unicode char U+FB01 (decimal 64257)
   defining Unicode char U+FB02 (decimal 64258)
   defining Unicode char U+FB03 (decimal 64259)
   defining Unicode char U+FB04 (decimal 64260)
   defining Unicode char U+FB05 (decimal 64261)
   defining Unicode char U+FB06 (decimal 64262)
)
Now handling font encoding TS1 ...
... processing UTF-8 mapping file for font encoding TS1

(C:\Users\senapi\AppData\Local\Programs\MiKTeX\tex/latex/base\ts1enc.dfu
File: ts1enc.dfu 2022/06/07 v1.3c UTF-8 support
   defining Unicode char U+00A2 (decimal 162)
   defining Unicode char U+00A3 (decimal 163)
   defining Unicode char U+00A4 (decimal 164)
   defining Unicode char U+00A5 (decimal 165)
   defining Unicode char U+00A6 (decimal 166)
   defining Unicode char U+00A7 (decimal 167)
   defining Unicode char U+00A8 (decimal 168)
   defining Unicode char U+00A9 (decimal 169)
   defining Unicode char U+00AA (decimal 170)
   defining Unicode char U+00AC (decimal 172)
   defining Unicode char U+00AE (decimal 174)
   defining Unicode char U+00AF (decimal 175)
   defining Unicode char U+00B0 (decimal 176)
   defining Unicode char U+00B1 (decimal 177)
   defining Unicode char U+00B2 (decimal 178)
   defining Unicode char U+00B3 (decimal 179)
   defining Unicode char U+00B4 (decimal 180)
   defining Unicode char U+00B5 (decimal 181)
   defining Unicode char U+00B6 (decimal 182)
   defining Unicode char U+00B7 (decimal 183)
   defining Unicode char U+00B9 (decimal 185)
   defining Unicode char U+00BA (decimal 186)
   defining Unicode char U+00BC (decimal 188)
   defining Unicode char U+00BD (decimal 189)
   defining Unicode char U+00BE (decimal 190)
   defining Unicode char U+00D7 (decimal 215)
   defining Unicode char U+00F7 (decimal 247)
   defining Unicode char U+0192 (decimal 402)
   defining Unicode char U+02C7 (decimal 711)
   defining Unicode char U+02D8 (decimal 728)
   defining Unicode char U+02DD (decimal 733)
   defining Unicode char U+0E3F (decimal 3647)
   defining Unicode char U+2016 (decimal 8214)
   defining Unicode char U+2020 (decimal 8224)
   defining Unicode char U+2021 (decimal 8225)
   defining Unicode char U+2022 (decimal 8226)
   defining Unicode char U+2030 (decimal 8240)
   defining Unicode char U+2031 (decimal 8241)
   defining Unicode char U+203B (decimal 8251)
   defining Unicode char U+203D (decimal 8253)
   defining Unicode char U+2044 (decimal 8260)
   defining Unicode char U+204E (decimal 8270)
   defining Unicode char U+2052 (decimal 8274)
   defining Unicode char U+20A1 (decimal 8353)
   defining Unicode char U+20A4 (decimal 8356)
   defining Unicode char U+20A6 (decimal 8358)
   defining Unicode char U+20A9 (decimal 8361)
   defining Unicode char U+20AB (decimal 8363)
   defining Unicode char U+20AC (decimal 8364)
   defining Unicode char U+20B1 (decimal 8369)
   defining Unicode char U+2103 (decimal 8451)
   defining Unicode char U+2116 (decimal 8470)
   defining Unicode char U+2117 (decimal 8471)
   defining Unicode char U+211E (decimal 8478)
   defining Unicode char U+2120 (decimal 8480)
   defining Unicode char U+2122 (decimal 8482)
   defining Unicode char U+2126 (decimal 8486)
   defining Unicode char U+2127 (decimal 8487)
   defining Unicode char U+212E (decimal 8494)
   defining Unicode char U+2190 (decimal 8592)
   defining Unicode char U+2191 (decimal 8593)
   defining Unicode char U+2192 (decimal 8594)
   defining Unicode char U+2193 (decimal 8595)
   defining Unicode char U+2329 (decimal 9001)
   defining Unicode char U+3008 (decimal 12296)
   defining Unicode char U+232A (decimal 9002)
   defining Unicode char U+3009 (decimal 12297)
   defining Unicode char U+2422 (decimal 9250)
   defining Unicode char U+25E6 (decimal 9702)
   defining Unicode char U+25EF (decimal 9711)
   defining Unicode char U+266A (decimal 9834)
   defining Unicode char U+27E8 (decimal 10216)
   defining Unicode char U+27E9 (decimal 10217)
   defining Unicode char U+FEFF (decimal 65279)
)
Now handling font encoding OMX ...
... no UTF-8 mapping file for font encoding OMX
Now handling font encoding U ...
... no UTF-8 mapping file for font encoding U
   defining Unicode char U+00A9 (decimal 169)
   defining Unicode char U+00AA (decimal 170)
   defining Unicode char U+00AE (decimal 174)
   defining Unicode char U+00BA (decimal 186)
   defining Unicode char U+02C6 (decimal 710)
   defining Unicode char U+02DC (decimal 732)
   defining Unicode char U+200C (decimal 8204)
   defining Unicode char U+2026 (decimal 8230)
   defining Unicode char U+2122 (decimal 8482)
   defining Unicode char U+2423 (decimal 9251)
   defining Unicode char U+FEFF (decimal 65279)
)))
Document Class: teza-upb 03/04/2011 v1.0 Standard LaTeX2e document class
(C:\Users\senapi\AppData\Local\Programs\MiKTeX\tex/latex/base\report.cls
Document Class: report 2025/01/22 v1.4n Standard LaTeX document class
(C:\Users\senapi\AppData\Local\Programs\MiKTeX\tex/latex/base\size12.clo
File: size12.clo 2025/01/22 v1.4n Standard LaTeX file (size option)
)
\c@part=\count275
\c@chapter=\count276
\c@section=\count277
\c@subsection=\count278
\c@subsubsection=\count279
\c@paragraph=\count280
\c@subparagraph=\count281
\c@figure=\count282
\c@table=\count283
\abovecaptionskip=\skip49
\belowcaptionskip=\skip50
\bibindent=\dimen148
)
(C:\Users\senapi\AppData\Local\Programs\MiKTeX\tex/latex/tools\array.sty
Package: array 2025/06/08 v2.6j Tabular extension package (FMi)
\col@sep=\dimen149
\ar@mcellbox=\box53
\extrarowheight=\dimen150
\NC@list=\toks19
\extratabsurround=\skip51
\backup@length=\skip52
\ar@cellbox=\box54
)
(C:\Users\senapi\AppData\Local\Programs\MiKTeX\tex/latex/setspace\setspace.sty
Package: setspace 2022/12/04 v6.7b set line spacing
))
(C:\Users\senapi\AppData\Local\Programs\MiKTeX\tex/latex/listings\listings.sty
(C:\Users\senapi\AppData\Local\Programs\MiKTeX\tex/latex/graphics\keyval.sty
Package: keyval 2022/05/29 v1.15 key=value parser (DPC)
\KV@toks@=\toks20
)
\lst@mode=\count284
\lst@gtempboxa=\box55
\lst@token=\toks21
\lst@length=\count285
\lst@currlwidth=\dimen151
\lst@column=\count286
\lst@pos=\count287
\lst@lostspace=\dimen152
\lst@width=\dimen153
\lst@newlines=\count288
\lst@lineno=\count289
\lst@maxwidth=\dimen154

(C:\Users\senapi\AppData\Local\Programs\MiKTeX\tex/latex/listings\lstpatch.sty
File: lstpatch.sty 2024/09/23 1.10c (Carsten Heinz)
) (C:\Users\senapi\AppData\Local\Programs\MiKTeX\tex/latex/listings\lstmisc.sty
File: lstmisc.sty 2024/09/23 1.10c (Carsten Heinz)
\c@lstnumber=\count290
\lst@skipnumbers=\count291
\lst@framebox=\box56
) (C:\Users\senapi\AppData\Local\Programs\MiKTeX\tex/latex/listings\listings.cf
g
File: listings.cfg 2024/09/23 1.10c listings configuration
))
Package: listings 2024/09/23 1.10c (Carsten Heinz)
 (C:\Users\senapi\AppData\Local\Programs\MiKTeX\tex/generic/babel\babel.sty
Package: babel 2025/08/03 v25.12 The multilingual framework for LuaLaTeX, pdfLa
TeX and XeLaTeX
\babel@savecnt=\count292
LaTeX Encoding Info:    Redeclaring text command \ij (encoding OT1) on input li
ne 2045.
LaTeX Encoding Info:    Redeclaring text command \IJ (encoding OT1) on input li
ne 2047.
LaTeX Encoding Info:    Redeclaring text command \ij (encoding T1) on input lin
e 2049.
LaTeX Encoding Info:    Redeclaring text command \IJ (encoding T1) on input lin
e 2050.
LaTeX Encoding Info:    Ignoring declaration for text command \ij (encoding ?) 
on input line 2051.
LaTeX Encoding Info:    Ignoring declaration for text command \IJ (encoding ?) 
on input line 2053.
LaTeX Encoding Info:    Ignoring declaration for text command \SS (encoding ?) 
on input line 2078.
\U@D=\dimen155
\l@unhyphenated=\language79

(C:\Users\senapi\AppData\Local\Programs\MiKTeX\tex/generic/babel\txtbabel.def)
\bbl@readstream=\read2
\bbl@dirlevel=\count293

*************************************
* Local config file bblopts.cfg used
*
(C:\Users\senapi\AppData\Local\Programs\MiKTeX\tex/latex/arabi\bblopts.cfg
File: bblopts.cfg 2005/09/08 v0.1 add Arabic and Farsi to "declared" options of
 babel
)
(C:\Users\senapi\AppData\Local\Programs\MiKTeX\tex/latex/babel-romanian\romania
n.ldf
Language: romanian 2021/04/04 v1.2m Romanian support from the babel system

(C:\Users\senapi\AppData\Local\Programs\MiKTeX\tex/generic/babel/locale/ro\babe
l-romanian.tex
Package babel Info: Importing font and identification data for romanian
(babel)             from babel-ro.ini. Reported on input line 12.
)))
(C:\Users\senapi\AppData\Local\Programs\MiKTeX\tex/latex/graphics\graphicx.sty
Package: graphicx 2024/12/31 v1.2e Enhanced LaTeX Graphics (DPC,SPQR)

(C:\Users\senapi\AppData\Local\Programs\MiKTeX\tex/latex/graphics\graphics.sty
Package: graphics 2024/08/06 v1.4g Standard LaTeX Graphics (DPC,SPQR)

(C:\Users\senapi\AppData\Local\Programs\MiKTeX\tex/latex/graphics\trig.sty
Package: trig 2023/12/02 v1.11 sin cos tan (DPC)
)
(C:\Users\senapi\AppData\Local\Programs\MiKTeX\tex/latex/graphics-cfg\graphics.
cfg
File: graphics.cfg 2016/06/04 v1.11 sample graphics configuration
)
Package graphics Info: Driver file: pdftex.def on input line 106.

(C:\Users\senapi\AppData\Local\Programs\MiKTeX\tex/latex/graphics-def\pdftex.de
f
File: pdftex.def 2024/04/13 v1.2c Graphics/color driver for pdftex
))
\Gin@req@height=\dimen156
\Gin@req@width=\dimen157
) (C:\Users\senapi\AppData\Local\Programs\MiKTeX\tex/latex/base\fontenc.sty
Package: fontenc 2024/12/21 v2.1c Standard LaTeX package
) (C:\Users\senapi\AppData\Local\Programs\MiKTeX\tex/latex/caption\caption.sty
Package: caption 2023/08/05 v3.6o Customizing captions (AR)

(C:\Users\senapi\AppData\Local\Programs\MiKTeX\tex/latex/caption\caption3.sty
Package: caption3 2023/07/31 v2.4d caption3 kernel (AR)
\caption@tempdima=\dimen158
\captionmargin=\dimen159
\caption@leftmargin=\dimen160
\caption@rightmargin=\dimen161
\caption@width=\dimen162
\caption@indent=\dimen163
\caption@parindent=\dimen164
\caption@hangindent=\dimen165
Package caption Info: Standard document class detected.
)
\c@caption@flags=\count294
\c@continuedfloat=\count295
Package caption Info: listings package is loaded.
)
(C:\Users\senapi\AppData\Local\Programs\MiKTeX\tex/latex/glossaries/base\glossa
ries.sty
Package: glossaries 2025/05/14 v4.7 (NLCT)

(C:\Users\senapi\AppData\Local\Programs\MiKTeX\tex/latex/base\ifthen.sty
Package: ifthen 2024/03/16 v1.1e Standard LaTeX ifthen package (DPC)
)
(C:\Users\senapi\AppData\Local\Programs\MiKTeX\tex/latex/xkeyval\xkeyval.sty
Package: xkeyval 2022/06/16 v2.9 package option processing (HA)

(C:\Users\senapi\AppData\Local\Programs\MiKTeX\tex/generic/xkeyval\xkeyval.tex
(C:\Users\senapi\AppData\Local\Programs\MiKTeX\tex/generic/xkeyval\xkvutils.tex
\XKV@toks=\toks22
\XKV@tempa@toks=\toks23
)
\XKV@depth=\count296
File: xkeyval.tex 2014/12/03 v2.7a key=value parser (HA)
))
(C:\Users\senapi\AppData\Local\Programs\MiKTeX\tex/latex/mfirstuc\mfirstuc.sty
Package: mfirstuc 2025/04/03 v2.09 (NLCT)

(C:\Users\senapi\AppData\Local\Programs\MiKTeX\tex/latex/etoolbox\etoolbox.sty
Package: etoolbox 2025/02/11 v2.5l e-TeX tools for LaTeX (JAW)
\etb@tempcnta=\count297
)
\@glsmfirst=\toks24
\@glsmrest=\toks25
) (C:\Users\senapi\AppData\Local\Programs\MiKTeX\tex/latex/xfor\xfor.sty
Package: xfor 2009/02/05 v1.05 (NLCT)
)
(C:\Users\senapi\AppData\Local\Programs\MiKTeX\tex/latex/amsmath\amsgen.sty
File: amsgen.sty 1999/11/30 v2.0 generic functions
\@emptytoks=\toks26
\ex@=\dimen166
)
(C:\Users\senapi\AppData\Local\Programs\MiKTeX\tex/latex/tracklang\tracklang.st
y
Package: tracklang 2025/03/11 v1.6.6 (NLCT) Track Languages

(C:\Users\senapi\AppData\Local\Programs\MiKTeX\tex/generic/tracklang\tracklang.
tex)
Package tracklang Info: Tracking dialect `romanian' (language `romanian') on in
put line 53.
)
(C:\Users\senapi\AppData\Local\Programs\MiKTeX\tex/latex/translator\translator.
sty
Package: translator 2021-05-31 v1.12d Easy translation of strings in LaTeX
)

Package glossaries Warning: No language module detected for `romanian'.
(glossaries)                Language modules need to be installed separately.
(glossaries)                Please check on CTAN for a bundle called
(glossaries)                `glossaries-romanian' or similar.


(C:\Users\senapi\AppData\Local\Programs\MiKTeX\tex/latex/datatool\datatool-base
.sty
Package: datatool-base 2025/04/25 v3.4.1 (NLCT)

(C:\Users\senapi\AppData\Local\Programs\MiKTeX\tex/latex/amsmath\amsmath.sty
Package: amsmath 2025/06/16 v2.17y AMS math features
\@mathmargin=\skip53

For additional information on amsmath, use the `?' option.
(C:\Users\senapi\AppData\Local\Programs\MiKTeX\tex/latex/amsmath\amstext.sty
Package: amstext 2024/11/17 v2.01 AMS text
)
(C:\Users\senapi\AppData\Local\Programs\MiKTeX\tex/latex/amsmath\amsbsy.sty
Package: amsbsy 1999/11/29 v1.2d Bold Symbols
\pmbraise@=\dimen167
)
(C:\Users\senapi\AppData\Local\Programs\MiKTeX\tex/latex/amsmath\amsopn.sty
Package: amsopn 2022/04/08 v2.04 operator names
)
\inf@bad=\count298
LaTeX Info: Redefining \frac on input line 233.
\uproot@=\count299
\leftroot@=\count300
LaTeX Info: Redefining \overline on input line 398.
LaTeX Info: Redefining \colon on input line 409.
\classnum@=\count301
\DOTSCASE@=\count302
LaTeX Info: Redefining \ldots on input line 495.
LaTeX Info: Redefining \dots on input line 498.
LaTeX Info: Redefining \cdots on input line 619.
\Mathstrutbox@=\box57
\strutbox@=\box58
LaTeX Info: Redefining \big on input line 721.
LaTeX Info: Redefining \Big on input line 722.
LaTeX Info: Redefining \bigg on input line 723.
LaTeX Info: Redefining \Bigg on input line 724.
\big@size=\dimen168
LaTeX Font Info:    Redeclaring font encoding OML on input line 742.
LaTeX Font Info:    Redeclaring font encoding OMS on input line 743.
\macc@depth=\count303
LaTeX Info: Redefining \bmod on input line 904.
LaTeX Info: Redefining \pmod on input line 909.
LaTeX Info: Redefining \smash on input line 939.
LaTeX Info: Redefining \relbar on input line 969.
LaTeX Info: Redefining \Relbar on input line 970.
\c@MaxMatrixCols=\count304
\dotsspace@=\muskip17
\c@parentequation=\count305
\dspbrk@lvl=\count306
\tag@help=\toks27
\row@=\count307
\column@=\count308
\maxfields@=\count309
\andhelp@=\toks28
\eqnshift@=\dimen169
\alignsep@=\dimen170
\tagshift@=\dimen171
\tagwidth@=\dimen172
\totwidth@=\dimen173
\lineht@=\dimen174
\@envbody=\toks29
\multlinegap=\skip54
\multlinetaggap=\skip55
\mathdisplay@stack=\toks30
LaTeX Info: Redefining \[ on input line 2949.
LaTeX Info: Redefining \] on input line 2950.
)
(C:\Users\senapi\AppData\Local\Programs\MiKTeX\tex/latex/datatool\datatool-l3fp
.def
File: datatool-l3fp.def 2025/04/25 v3.4.1 (NLCT)
)
\@dtl@toks=\toks31
\@dtl@tmpcount=\count310
\dtl@tmplength=\skip56
\l__datatool_measure_box=\box59
\dtl@sortresult=\count311

(C:\Users\senapi\AppData\Local\Programs\MiKTeX\tex/latex/datatool\datatool-utf8
.ldf
File: datatool-utf8.ldf 2025/04/25 v3.4.1 (NLCT)
)
\@dtl@datatype=\count312
\l__datatool_tmpa_int=\count313
\l__datatool_tmpb_int=\count314
\l__datatool_tmpc_int=\count315
\l__datatool_tmpd_int=\count316
\l__datatool_count_int=\count317
\l__datatool_tmp_datatype_int=\count318
\l__datatool_tmpa_dim=\dimen175
\l__datatool_tmpb_dim=\dimen176
\c_datatool_unknown_int=\count319
\l__datatool_year_int=\count320
\l__datatool_month_int=\count321
\l__datatool_day_int=\count322
\l__datatool_hour_int=\count323
\l__datatool_minute_int=\count324
\l__datatool_second_int=\count325
\l__datatool_tzhour_int=\count326
\l__datatool_tzminute_int=\count327
\l__datatool_julian_int=\count328
\l__datatool_local_julian_int=\count329
\l__datatool_prefix_int=\count330
\l__datatool_suffix_int=\count331
\@dtl@foreach@level=\count332


Package tracklang Warning: No `datatool' support for dialect `romanian'  on inp
ut line 9908.

\dtl@codeA=\count333
\dtl@codeB=\count334
)
\gls@level=\count335
\@gls@tmpb=\toks32
\gls@tmplen=\skip57
\l__glossaries_tmpa_dim=\dimen177
\l__glossaries_tmpb_dim=\dimen178
\glskeylisttok=\toks33
\glslabeltok=\toks34
\glsshorttok=\toks35
\glslongtok=\toks36

(C:\Users\senapi\AppData\Local\Programs\MiKTeX\tex/latex/glossaries/styles\glos
sary-hypernav.sty
Package: glossary-hypernav 2025/05/14 v4.7 (NLCT)
)
(C:\Users\senapi\AppData\Local\Programs\MiKTeX\tex/latex/glossaries/styles\glos
sary-list.sty
Package: glossary-list 2025/05/14 v4.7 (NLCT)
\glslistdottedwidth=\skip58
)
(C:\Users\senapi\AppData\Local\Programs\MiKTeX\tex/latex/glossaries/styles\glos
sary-long.sty
Package: glossary-long 2025/05/14 v4.7 (NLCT)

(C:\Users\senapi\AppData\Local\Programs\MiKTeX\tex/latex/tools\longtable.sty
Package: longtable 2024-12-18 v4.23 Multi-page Table package (DPC)
\LTleft=\skip59
\LTright=\skip60
\LTpre=\skip61
\LTpost=\skip62
\LTchunksize=\count336
\LTcapwidth=\dimen179
\LT@head=\box60
\LT@firsthead=\box61
\LT@foot=\box62
\LT@lastfoot=\box63
\LT@gbox=\box64
\LT@cols=\count337
\LT@rows=\count338
\c@LT@tables=\count339
\c@LT@chunks=\count340
\LT@p@ftn=\toks37
)
\glsdescwidth=\skip63
\glspagelistwidth=\skip64
)
(C:\Users\senapi\AppData\Local\Programs\MiKTeX\tex/latex/glossaries/styles\glos
sary-super.sty
Package: glossary-super 2025/05/14 v4.7 (NLCT)

(C:\Users\senapi\AppData\Local\Programs\MiKTeX\tex/latex/supertabular\supertabu
lar.sty
Package: supertabular 2024/07/20 v4.2c the supertabular environment
\c@tracingst=\count341
\ST@wd=\dimen180
\ST@rightskip=\skip65
\ST@leftskip=\skip66
\ST@parfillskip=\skip67
\ST@pageleft=\dimen181
\ST@headht=\dimen182
\ST@tailht=\dimen183
\ST@pagesofar=\dimen184
\ST@pboxht=\dimen185
\ST@rowht=\dimen186
\ST@prevht=\dimen187
\ST@toadd=\dimen188
\ST@dimen=\dimen189
\ST@pbox=\box65
))
(C:\Users\senapi\AppData\Local\Programs\MiKTeX\tex/latex/glossaries/styles\glos
sary-tree.sty
Package: glossary-tree 2025/05/14 v4.7 (NLCT)
\l__glossaries_tree_max_known_level_int=\count342
\l__glossaries_tree_offset_dim=\dimen190
\l__glossaries_tree_namewidth_dim=\dimen191
\l__glossaries_tree_symbolwidth_dim=\dimen192
\l__glossaries_tree_prenamesym_width_dim=\dimen193
\l__glossaries_tree_presubnamesym_width_dim=\dimen194
\l__glossaries_tree_namewidth_padding_dim=\dimen195
\l__glossaries_tree_symbolwidth_padding_dim=\dimen196
\l__glossaries_tree_namesymbolwidth_dim=\dimen197
\l__glossaries_tree_namesymbolwidth_padding_dim=\dimen198
\l__glossaries_tree_level_int=\count343
\glstreeindent=\skip68
))
(C:\Users\senapi\AppData\Local\Programs\MiKTeX\tex/latex/hyperref\hyperref.sty
Package: hyperref 2025-07-12 v7.01o Hypertext links for LaTeX

(C:\Users\senapi\AppData\Local\Programs\MiKTeX\tex/generic/iftex\iftex.sty
Package: iftex 2024/12/12 v1.0g TeX engine tests
)
(C:\Users\senapi\AppData\Local\Programs\MiKTeX\tex/latex/kvsetkeys\kvsetkeys.st
y
Package: kvsetkeys 2022-10-05 v1.19 Key value parser (HO)
)
(C:\Users\senapi\AppData\Local\Programs\MiKTeX\tex/generic/kvdefinekeys\kvdefin
ekeys.sty
Package: kvdefinekeys 2019-12-19 v1.6 Define keys (HO)
)
(C:\Users\senapi\AppData\Local\Programs\MiKTeX\tex/generic/pdfescape\pdfescape.
sty
Package: pdfescape 2019/12/09 v1.15 Implements pdfTeX's escape features (HO)

(C:\Users\senapi\AppData\Local\Programs\MiKTeX\tex/generic/ltxcmds\ltxcmds.sty
Package: ltxcmds 2023-12-04 v1.26 LaTeX kernel commands for general use (HO)
)
(C:\Users\senapi\AppData\Local\Programs\MiKTeX\tex/generic/pdftexcmds\pdftexcmd
s.sty
Package: pdftexcmds 2020-06-27 v0.33 Utility functions of pdfTeX for LuaTeX (HO
)

(C:\Users\senapi\AppData\Local\Programs\MiKTeX\tex/generic/infwarerr\infwarerr.
sty
Package: infwarerr 2019/12/03 v1.5 Providing info/warning/error messages (HO)
)
Package pdftexcmds Info: \pdf@primitive is available.
Package pdftexcmds Info: \pdf@ifprimitive is available.
Package pdftexcmds Info: \pdfdraftmode found.
))
(C:\Users\senapi\AppData\Local\Programs\MiKTeX\tex/latex/hycolor\hycolor.sty
Package: hycolor 2020-01-27 v1.10 Color options for hyperref/bookmark (HO)
)
(C:\Users\senapi\AppData\Local\Programs\MiKTeX\tex/latex/hyperref\nameref.sty
Package: nameref 2025-06-21 v2.57 Cross-referencing by name of section

(C:\Users\senapi\AppData\Local\Programs\MiKTeX\tex/latex/refcount\refcount.sty
Package: refcount 2019/12/15 v3.6 Data extraction from label references (HO)
)
(C:\Users\senapi\AppData\Local\Programs\MiKTeX\tex/generic/gettitlestring\getti
tlestring.sty
Package: gettitlestring 2019/12/15 v1.6 Cleanup title references (HO)

(C:\Users\senapi\AppData\Local\Programs\MiKTeX\tex/latex/kvoptions\kvoptions.st
y
Package: kvoptions 2022-06-15 v3.15 Key value format for package options (HO)
))
\c@section@level=\count344
)
(C:\Users\senapi\AppData\Local\Programs\MiKTeX\tex/generic/stringenc\stringenc.
sty
Package: stringenc 2019/11/29 v1.12 Convert strings between diff. encodings (HO
)
)
\@linkdim=\dimen199
\Hy@linkcounter=\count345
\Hy@pagecounter=\count346

(C:\Users\senapi\AppData\Local\Programs\MiKTeX\tex/latex/hyperref\pd1enc.def
File: pd1enc.def 2025-07-12 v7.01o Hyperref: PDFDocEncoding definition (HO)
Now handling font encoding PD1 ...
... no UTF-8 mapping file for font encoding PD1
)
(C:\Users\senapi\AppData\Local\Programs\MiKTeX\tex/generic/intcalc\intcalc.sty
Package: intcalc 2019/12/15 v1.3 Expandable calculations with integers (HO)
)
\Hy@SavedSpaceFactor=\count347
(C:\Users\senapi\AppData\Local\Programs\MiKTeX\tex/latex/hyperref\puenc.def
File: puenc.def 2025-07-12 v7.01o Hyperref: PDF Unicode definition (HO)
Now handling font encoding PU ...
... no UTF-8 mapping file for font encoding PU
)
Package hyperref Info: Option `bookmarks' set `true' on input line 4066.
Package hyperref Info: Option `bookmarksopen' set `true' on input line 4066.
Package hyperref Info: Option `linktocpage' set `true' on input line 4066.
Package hyperref Info: Hyper figures OFF on input line 4195.
Package hyperref Info: Link nesting OFF on input line 4200.
Package hyperref Info: Hyper index ON on input line 4203.
Package hyperref Info: Plain pages OFF on input line 4210.
Package hyperref Info: Backreferencing OFF on input line 4215.
Package hyperref Info: Implicit mode ON; LaTeX internals redefined.
Package hyperref Info: Bookmarks ON on input line 4462.
\c@Hy@tempcnt=\count348

(C:\Users\senapi\AppData\Local\Programs\MiKTeX\tex/latex/url\url.sty
\Urlmuskip=\muskip18
Package: url 2013/09/16  ver 3.4  Verb mode for urls, etc.
)
LaTeX Info: Redefining \url on input line 4801.
\XeTeXLinkMargin=\dimen256

(C:\Users\senapi\AppData\Local\Programs\MiKTeX\tex/generic/bitset\bitset.sty
Package: bitset 2019/12/09 v1.3 Handle bit-vector datatype (HO)

(C:\Users\senapi\AppData\Local\Programs\MiKTeX\tex/generic/bigintcalc\bigintcal
c.sty
Package: bigintcalc 2019/12/15 v1.5 Expandable calculations on big integers (HO
)
))
\Fld@menulength=\count349
\Field@Width=\dimen257
\Fld@charsize=\dimen258
Package hyperref Info: Hyper figures OFF on input line 6078.
Package hyperref Info: Link nesting OFF on input line 6083.
Package hyperref Info: Hyper index ON on input line 6086.
Package hyperref Info: backreferencing OFF on input line 6093.
Package hyperref Info: Link coloring OFF on input line 6098.
Package hyperref Info: Link coloring with OCG OFF on input line 6103.
Package hyperref Info: PDF/A mode OFF on input line 6108.
\Hy@abspage=\count350
\c@Item=\count351
\c@Hfootnote=\count352
)
Package hyperref Info: Driver (autodetected): hpdftex.

(C:\Users\senapi\AppData\Local\Programs\MiKTeX\tex/latex/hyperref\hpdftex.def
File: hpdftex.def 2025-07-12 v7.01o Hyperref driver for pdfTeX
\Fld@listcount=\count353
\c@bookmark@seq@number=\count354

(C:\Users\senapi\AppData\Local\Programs\MiKTeX\tex/latex/rerunfilecheck\rerunfi
lecheck.sty
Package: rerunfilecheck 2025-06-21 v1.11 Rerun checks for auxiliary files (HO)

(C:\Users\senapi\AppData\Local\Programs\MiKTeX\tex/generic/uniquecounter\unique
counter.sty
Package: uniquecounter 2019/12/15 v1.4 Provide unlimited unique counter (HO)
)
Package uniquecounter Info: New unique counter `rerunfilecheck' on input line 2
84.
)
\Hy@SectionHShift=\skip69
)
(C:\Users\senapi\AppData\Local\Programs\MiKTeX\tex/latex/graphics\color.sty
Package: color 2025/01/14 v1.3e Standard LaTeX Color (DPC)

(C:\Users\senapi\AppData\Local\Programs\MiKTeX\tex/latex/graphics-cfg\color.cfg
File: color.cfg 2016/01/02 v1.6 sample color configuration
)
Package color Info: Driver file: pdftex.def on input line 149.

(C:\Users\senapi\AppData\Local\Programs\MiKTeX\tex/latex/graphics\mathcolor.ltx
)) (C:\Users\senapi\AppData\Local\Programs\MiKTeX\tex/latex/float\float.sty
Package: float 2001/11/08 v1.3d Float enhancements (AL)
\c@float@type=\count355
\float@exts=\toks38
\float@box=\box66
\@float@everytoks=\toks39
\@floatcapt=\box67
)
(C:\Users\senapi\AppData\Local\Programs\MiKTeX\tex/latex/adjustbox\adjustbox.st
y
Package: adjustbox 2025/02/26 v1.3c Adjusting TeX boxes (trim, clip, ...)

(C:\Users\senapi\AppData\Local\Programs\MiKTeX\tex/latex/adjustbox\adjcalc.sty
Package: adjcalc 2012/05/16 v1.1 Provides advanced setlength with multiple back
-ends (calc, etex, pgfmath)
)
(C:\Users\senapi\AppData\Local\Programs\MiKTeX\tex/latex/adjustbox\trimclip.sty
Package: trimclip 2025/02/21 v1.2a Trim and clip general TeX material

(C:\Users\senapi\AppData\Local\Programs\MiKTeX\tex/latex/collectbox\collectbox.
sty
Package: collectbox 2022/10/17 v0.4c Collect macro arguments as boxes
\collectedbox=\box68
)
\tc@llx=\dimen259
\tc@lly=\dimen260
\tc@urx=\dimen261
\tc@ury=\dimen262
Package trimclip Info: Using driver 'tc-pdftex.def'.

(C:\Users\senapi\AppData\Local\Programs\MiKTeX\tex/latex/adjustbox\tc-pdftex.de
f
File: tc-pdftex.def 2025/02/26 v2.3 Clipping driver for pdftex
))
\adjbox@Width=\dimen263
\adjbox@Height=\dimen264
\adjbox@Depth=\dimen265
\adjbox@Totalheight=\dimen266
\adjbox@pwidth=\dimen267
\adjbox@pheight=\dimen268
\adjbox@pdepth=\dimen269
\adjbox@ptotalheight=\dimen270

(C:\Users\senapi\AppData\Local\Programs\MiKTeX\tex/latex/ifoddpage\ifoddpage.st
y
Package: ifoddpage 2022/10/18 v1.2 Conditionals for odd/even page detection
\c@checkoddpage=\count356
)
(C:\Users\senapi\AppData\Local\Programs\MiKTeX\tex/latex/varwidth\varwidth.sty
Package: varwidth 2009/03/30 ver 0.92;  Variable-width minipages
\@vwid@box=\box69
\sift@deathcycles=\count357
\@vwid@loff=\dimen271
\@vwid@roff=\dimen272
)
==> First Aid for varwidth.sty applied!
)
(C:\Users\senapi\AppData\Local\Programs\MiKTeX\tex/latex/titlesec\titlesec.sty
Package: titlesec 2025/01/04 v2.17 Sectioning titles
\ttl@box=\box70
\beforetitleunit=\skip70
\aftertitleunit=\skip71
\ttl@plus=\dimen273
\ttl@minus=\dimen274
\ttl@toksa=\toks40
\titlewidth=\dimen275
\titlewidthlast=\dimen276
\titlewidthfirst=\dimen277
) (C:\Users\senapi\AppData\Local\Programs\MiKTeX\tex/latex/listings\lstlang1.st
y
File: lstlang1.sty 2024/09/23 1.10c listings language file
)
(C:\Users\senapi\AppData\Local\Programs\MiKTeX\tex/latex/l3backend\l3backend-pd
ftex.def
File: l3backend-pdftex.def 2025-06-09 L3 backend support: PDF output (pdfTeX)
\l__color_backend_stack_int=\count358
) (teza.aux

LaTeX Warning: Label `fig:wbsv' multiply defined.


LaTeX Warning: Label `fig:wbsv' multiply defined.


LaTeX Warning: Label `fig:wbsv' multiply defined.


LaTeX Warning: Label `fig:wbsv' multiply defined.


LaTeX Warning: Label `fig:wbsv' multiply defined.


LaTeX Warning: Label `fig:wbsv' multiply defined.


LaTeX Warning: Label `fig:formorig' multiply defined.


LaTeX Warning: Label `fig:prop' multiply defined.


LaTeX Warning: Label `fig:prop' multiply defined.


LaTeX Warning: Label `lst:locust_booking_task' multiply defined.

)
\openout1 = `teza.aux'.

LaTeX Font Info:    Checking defaults for OML/cmm/m/it on input line 71.
LaTeX Font Info:    ... okay on input line 71.
LaTeX Font Info:    Checking defaults for OMS/cmsy/m/n on input line 71.
LaTeX Font Info:    ... okay on input line 71.
LaTeX Font Info:    Checking defaults for OT1/cmr/m/n on input line 71.
LaTeX Font Info:    ... okay on input line 71.
LaTeX Font Info:    Checking defaults for T1/cmr/m/n on input line 71.
LaTeX Font Info:    ... okay on input line 71.
LaTeX Font Info:    Checking defaults for TS1/cmr/m/n on input line 71.
LaTeX Font Info:    ... okay on input line 71.
LaTeX Font Info:    Checking defaults for OMX/cmex/m/n on input line 71.
LaTeX Font Info:    ... okay on input line 71.
LaTeX Font Info:    Checking defaults for U/cmr/m/n on input line 71.
LaTeX Font Info:    ... okay on input line 71.
LaTeX Font Info:    Checking defaults for PD1/pdf/m/n on input line 71.
LaTeX Font Info:    ... okay on input line 71.
LaTeX Font Info:    Checking defaults for PU/pdf/m/n on input line 71.
LaTeX Font Info:    ... okay on input line 71.
\c@lstlisting=\count359

(C:\Users\senapi\AppData\Local\Programs\MiKTeX\tex/context/base/mkii\supp-pdf.m
kii
[Loading MPS to PDF converter (version 2006.09.02).]
\scratchcounter=\count360
\scratchdimen=\dimen278
\scratchbox=\box71
\nofMPsegments=\count361
\nofMParguments=\count362
\everyMPshowfont=\toks41
\MPscratchCnt=\count363
\MPscratchDim=\dimen279
\MPnumerator=\count364
\makeMPintoPDFobject=\count365
\everyMPtoPDFconversion=\toks42
)
(C:\Users\senapi\AppData\Local\Programs\MiKTeX\tex/latex/epstopdf-pkg\epstopdf-
base.sty
Package: epstopdf-base 2020-01-24 v2.11 Base part for package epstopdf
Package epstopdf-base Info: Redefining graphics rule for `.eps' on input line 4
85.

(C:\Users\senapi\AppData\Local\Programs\MiKTeX\tex/latex/00miktex\epstopdf-sys.
cfg
File: epstopdf-sys.cfg 2021/03/18 v2.0 Configuration of epstopdf for MiKTeX
))
Package caption Info: Begin \AtBeginDocument code.
Package caption Info: float package is loaded.
Package caption Info: hyperref package is loaded.
Package caption Info: longtable package is loaded.

(C:\Users\senapi\AppData\Local\Programs\MiKTeX\tex/latex/caption\ltcaption.sty
Package: ltcaption 2021/01/08 v1.4c longtable captions (AR)
)
Package caption Info: supertabular package is loaded.
Package caption Info: End \AtBeginDocument code.

(C:\Users\senapi\AppData\Local\Programs\MiKTeX\tex/latex/glossaries-english\glo
ssaries-dictionary-English.dict
Dictionary: glossaries-dictionary, Language: English 
)
Package hyperref Info: Link coloring OFF on input line 71.
 (teza.out) (teza.out)
\@outlinefile=\write3
\openout3 = `teza.out'.


Title

Overfull \hbox (41.9053pt too wide) in paragraph at lines 92--92
 [][] 
 []



[1

{C:/Users/senapi/AppData/Local/MiKTeX/fonts/map/pdftex/pdftex.map}]
Underfull \hbox (badness 10000) in paragraph at lines 92--92

 []


Underfull \hbox (badness 10000) in paragraph at lines 92--92

 []



[2] (teza.toc

[3

]
Overfull \hbox (23.46115pt too wide) in paragraph at lines 82--82
 [][] []\T1/cmr/m/n/12 Etapa 3: Cal-cu-la-to-rul de Dis-po-ni-bi-li-tate []i Re
-co-man-d ri (\T1/cmtt/m/n/12 view_property.html\T1/cmr/m/n/12 ) [][]  
 []


Overfull \hbox (27.49792pt too wide) in paragraph at lines 99--99
 [][] []\T1/cmr/m/n/12 Prezentarea Fron-tend (\T1/cmtt/m/n/12 search_results.ht
ml []\T1/cmr/m/n/12 i \T1/cmtt/m/n/12 view_property.html\T1/cmr/m/n/12 ) [][]  

 []



[4]
Overfull \hbox (10.05905pt too wide) in paragraph at lines 111--111
 [][] []\T1/cmr/m/n/12 Logica Ba-c-kend (\T1/cmtt/m/n/12 /cancel_reservation/<i
nt:reservation_id> 
 []


Overfull \hbox (53.2735pt too wide) in paragraph at lines 114--114
 [][] []\T1/cmr/m/n/12 Logica Ba-c-kend (\T1/cmtt/m/n/12 /manage_property_reser
vations/<int:property_id> 
 []



[5])
\tf@toc=\write4
\openout4 = `teza.toc'.




pdfTeX warning (ext4): destination with the same identifier (name{page.ii}) has
 been already used, duplicate ignored
<to be read again> 
                   \relax 
l.93 	\listoffigures
                     [2] (teza.lof


pdfTeX warning (ext4): destination with the same identifier (name{page.iii}) ha
s been already used, duplicate ignored
<to be read again> 
                   \relax 
l.43 ... a utilizatorilor}}{48}{figure.caption.42}
                                                  % [3

])
\tf@lof=\write5
\openout5 = `teza.lof'.




pdfTeX warning (ext4): destination with the same identifier (name{page.iv}) has
 been already used, duplicate ignored
<to be read again> 
                   \relax 
l.94 	\listoftables
                    [4] (teza.lot)
\tf@lot=\write6
\openout6 = `teza.lot'.




pdfTeX warning (ext4): destination with the same identifier (name{page.v}) has 
been already used, duplicate ignored
<to be read again> 
                   \relax 
l.104 	\afterpreface
                     [5

]

Package hyperref Warning: bookmark level for unknown unnumberedsection defaults
 to 0.

Lista acronimelor


[6

]
Capitolul 1.

LaTeX Warning: Citation `scal' on page 1 undefined on input line 110.


LaTeX Warning: Citation `scal.soft' on page 1 undefined on input line 112.


LaTeX Warning: Citation `scal.hard' on page 1 undefined on input line 114.


LaTeX Warning: Citation `bd' on page 1 undefined on input line 118.


LaTeX Warning: Citation `ss' on page 1 undefined on input line 123.



[1

]

[2]
Capitolul 2.

LaTeX Warning: Citation `web' on page 3 undefined on input line 150.


LaTeX Warning: Citation `mono' on page 3 undefined on input line 166.



[3

]

LaTeX Warning: Citation `n' on page 4 undefined on input line 173.


Overfull \hbox (14.5758pt too wide) in paragraph at lines 177--178
[]\T1/cmr/m/n/12 Stratul de Date (Data Tier): Asi-gur  persisten[]a da-te-lor, 
sto-ca-rea []i ges-tio-na-rea informa[]iilor
 []


Overfull \hbox (35.13214pt too wide) in paragraph at lines 180--181
[]\T1/cmr/m/n/12 Avantajele ar-hi-tec-tu-rii N-Tier re-zid  în mo-du-la-ri-ta-t
ea cres-cut , se-pa-ra-rea clar  a responsabilit []ilor
 []


LaTeX Warning: Citation `http' on page 4 undefined on input line 186.


LaTeX Warning: Citation `usag' on page 4 undefined on input line 193.

<figuri/ussyntax.png, id=837, 422.17725pt x 60.82726pt>
File: figuri/ussyntax.png Graphic file (type png)
<use figuri/ussyntax.png>
Package pdftex.def Info: figuri/ussyntax.png  used on input line 197.
(pdftex.def)             Requested size: 386.95894pt x 55.75476pt.


[4]

LaTeX Warning: Citation `svweb' on page 5 undefined on input line 206.


LaTeX Warning: Citation `url' on page 5 undefined on input line 210.

<figuri/url.png, id=844, 4426.5375pt x 401.5pt>
File: figuri/url.png Graphic file (type png)
<use figuri/url.png>
Package pdftex.def Info: figuri/url.png  used on input line 213.
(pdftex.def)             Requested size: 822.28314pt x 74.58264pt.
<figuri/http.png, id=847, 260.172pt x 283.0575pt>
File: figuri/http.png Graphic file (type png)
<use figuri/http.png>
Package pdftex.def Info: figuri/http.png  used on input line 223.
(pdftex.def)             Requested size: 96.73788pt x 105.24791pt.


[5 <./figuri/ussyntax.png> <./figuri/url.png>]
<figuri/port.png, id=856, 475.17525pt x 259.56975pt>
File: figuri/port.png Graphic file (type png)
<use figuri/port.png>
Package pdftex.def Info: figuri/port.png  used on input line 235.
(pdftex.def)             Requested size: 193.47577pt x 105.68759pt.
<figuri/cale.png, id=858, 579.96675pt x 276.43275pt>
File: figuri/cale.png Graphic file (type png)
<use figuri/cale.png>
Package pdftex.def Info: figuri/cale.png  used on input line 248.
(pdftex.def)             Requested size: 193.47577pt x 92.21854pt.
<figuri/param.png, id=860, 861.2175pt x 234.8775pt>
File: figuri/param.png Graphic file (type png)
<use figuri/param.png>
Package pdftex.def Info: figuri/param.png  used on input line 259.
(pdftex.def)             Requested size: 290.22105pt x 79.15125pt.


[6 <./figuri/http.png> <./figuri/port.png> <./figuri/cale.png>]
<figuri/ancora.png, id=872, 385.44pt x 239.6955pt>
File: figuri/ancora.png Graphic file (type png)
<use figuri/ancora.png>
Package pdftex.def Info: figuri/ancora.png  used on input line 270.
(pdftex.def)             Requested size: 145.11052pt x 90.24036pt.
<figuri/wbsv.png, id=874, 513.71925pt x 333.6465pt>
File: figuri/wbsv.png Graphic file (type png)
<use figuri/wbsv.png>
Package pdftex.def Info: figuri/wbsv.png  used on input line 282.
(pdftex.def)             Requested size: 290.22105pt x 188.50043pt.


[7 <./figuri/param.png> <./figuri/ancora.png>]
<figuri/tcp.png, id=884, 453.49425pt x 172.2435pt>
File: figuri/tcp.png Graphic file (type png)
<use figuri/tcp.png>
Package pdftex.def Info: figuri/tcp.png  used on input line 291.
(pdftex.def)             Requested size: 386.95894pt x 146.97798pt.
<figuri/cltcp.png, id=886, 407.121pt x 94.55325pt>
File: figuri/cltcp.png Graphic file (type png)
<use figuri/cltcp.png>
Package pdftex.def Info: figuri/cltcp.png  used on input line 300.
(pdftex.def)             Requested size: 338.5863pt x 78.64075pt.


[8 <./figuri/wbsv.png> <./figuri/tcp.png>]
<figuri/svtcp.png, id=895, 404.712pt x 215.00325pt>
File: figuri/svtcp.png Graphic file (type png)
<use figuri/svtcp.png>
Package pdftex.def Info: figuri/svtcp.png  used on input line 307.
(pdftex.def)             Requested size: 386.95894pt x 205.5806pt.
<figuri/httpmesaj.png, id=898, 1526.70375pt x 943.525pt>
File: figuri/httpmesaj.png Graphic file (type png)
<use figuri/httpmesaj.png>
Package pdftex.def Info: figuri/httpmesaj.png  used on input line 322.
(pdftex.def)             Requested size: 386.95894pt x 239.13438pt.


[9 <./figuri/cltcp.png> <./figuri/svtcp.png>]
<figuri/cerex.png, id=909, 812.28468pt x 323.70938pt>
File: figuri/cerex.png Graphic file (type png)
<use figuri/cerex.png>
Package pdftex.def Info: figuri/cerex.png  used on input line 346.
(pdftex.def)             Requested size: 386.95894pt x 154.2081pt.


[10 <./figuri/httpmesaj.png>]

LaTeX Warning: Citation `req' on page 11 undefined on input line 350.

<figuri/cer.png, id=920, 1145.02782pt x 707.64375pt>
File: figuri/cer.png Graphic file (type png)
<use figuri/cer.png>
Package pdftex.def Info: figuri/cer.png  used on input line 354.
(pdftex.def)             Requested size: 386.95894pt x 239.14879pt.
<figuri/msjcer.png, id=922, 649.82774pt x 96.36pt>
File: figuri/msjcer.png Graphic file (type png)
<use figuri/msjcer.png>
Package pdftex.def Info: figuri/msjcer.png  used on input line 366.
(pdftex.def)             Requested size: 386.95894pt x 57.38121pt.


[11 <./figuri/cerex.png> <./figuri/cer.png> <./figuri/msjcer.png>]
<figuri/formorig.png, id=935, 629.9535pt x 92.14426pt>
File: figuri/formorig.png Graphic file (type png)
<use figuri/formorig.png>
Package pdftex.def Info: figuri/formorig.png  used on input line 393.
(pdftex.def)             Requested size: 386.95894pt x 56.60158pt.
<figuri/abs.png, id=937, 627.5445pt x 112.62074pt>
File: figuri/abs.png Graphic file (type png)
<use figuri/abs.png>
Package pdftex.def Info: figuri/abs.png  used on input line 401.
(pdftex.def)             Requested size: 386.95894pt x 69.44435pt.


[12 <./figuri/formorig.png>]
<figuri/conn.png, id=945, 628.14674pt x 88.53075pt>
File: figuri/conn.png Graphic file (type png)
<use figuri/conn.png>
Package pdftex.def Info: figuri/conn.png  used on input line 409.
(pdftex.def)             Requested size: 386.95894pt x 54.53859pt.
<figuri/ast.png, id=947, 461.92575pt x 65.64525pt>
File: figuri/ast.png Graphic file (type png)
<use figuri/ast.png>
Package pdftex.def Info: figuri/ast.png  used on input line 417.
(pdftex.def)             Requested size: 386.95894pt x 54.99336pt.
<figuri/reqhed.png, id=949, 453.19313pt x 246.1697pt>
File: figuri/reqhed.png Graphic file (type png)
<use figuri/reqhed.png>
Package pdftex.def Info: figuri/reqhed.png  used on input line 430.
(pdftex.def)             Requested size: 241.84842pt x 131.36705pt.


[13 <./figuri/abs.png> <./figuri/conn.png> <./figuri/ast.png> <./figuri/reqhed.
png>]
<figuri/bodcer1.png, id=966, 703.87968pt x 222.8325pt>
File: figuri/bodcer1.png Graphic file (type png)
<use figuri/bodcer1.png>
Package pdftex.def Info: figuri/bodcer1.png  used on input line 456.
(pdftex.def)             Requested size: 386.95894pt x 122.50044pt.
<figuri/bodcer2.png, id=968, 704.6325pt x 306.39468pt>
File: figuri/bodcer2.png Graphic file (type png)
<use figuri/bodcer2.png>
Package pdftex.def Info: figuri/bodcer2.png  used on input line 463.
(pdftex.def)             Requested size: 386.95894pt x 168.26045pt.
<figuri/rasex.png, id=970, 716.6775pt x 335.00156pt>
File: figuri/rasex.png Graphic file (type png)
<use figuri/rasex.png>
Package pdftex.def Info: figuri/rasex.png  used on input line 471.
(pdftex.def)             Requested size: 386.95894pt x 180.8828pt.


[14 <./figuri/bodcer1.png> <./figuri/bodcer2.png>]

LaTeX Warning: Citation `ras' on page 15 undefined on input line 476.

<figuri/ras.png, id=980, 1145.02782pt x 701.62125pt>
File: figuri/ras.png Graphic file (type png)
<use figuri/ras.png>
Package pdftex.def Info: figuri/ras.png  used on input line 480.
(pdftex.def)             Requested size: 386.95894pt x 237.11348pt.


[15 <./figuri/rasex.png> <./figuri/ras.png>]
<figuri/raspline.png, id=992, 529.98pt x 77.53969pt>
File: figuri/raspline.png Graphic file (type png)
<use figuri/raspline.png>
Package pdftex.def Info: figuri/raspline.png  used on input line 500.
(pdftex.def)             Requested size: 386.95894pt x 56.61531pt.
<figuri/resphed.png, id=994, 219.82124pt x 118.19156pt>
File: figuri/resphed.png Graphic file (type png)
<use figuri/resphed.png>
Package pdftex.def Info: figuri/resphed.png  used on input line 522.
(pdftex.def)             Requested size: 193.47577pt x 104.02872pt.


LaTeX Warning: Citation `flask' on page 16 undefined on input line 533.


LaTeX Warning: Citation `flaskdoc' on page 16 undefined on input line 533.



[16 <./figuri/raspline.png> <./figuri/resphed.png>]

LaTeX Warning: Citation `flaskwiki' on page 17 undefined on input line 536.



[17]

LaTeX Warning: Citation `bdd' on page 18 undefined on input line 561.



[18]

LaTeX Warning: Citation `bdd' on page 19 undefined on input line 587.


LaTeX Warning: Citation `sql' on page 19 undefined on input line 595.



[19]

LaTeX Warning: Citation `ng' on page 20 undefined on input line 599.



[20]

[21]
Capitolul 3.
<figuri/mod.png, id=1029, 1156.32pt x 352.31625pt>
File: figuri/mod.png Graphic file (type png)
<use figuri/mod.png>
Package pdftex.def Info: figuri/mod.png  used on input line 654.
(pdftex.def)             Requested size: 483.69684pt x 147.37508pt.


[22

]

[23 <./figuri/mod.png>]
LaTeX Font Info:    Font shape `T1/cmtt/bx/n' in size <14.4> not available
(Font)              Font shape `T1/cmtt/m/n' tried instead on input line 680.
LaTeX Font Info:    Font shape `T1/cmtt/bx/n' in size <12> not available
(Font)              Font shape `T1/cmtt/m/n' tried instead on input line 700.


[24]

[25]

[26]
Underfull \hbox (badness 3354) in paragraph at lines 797--798
[]\T1/cmr/m/n/12 Concomitent, de-ta-li-ile de con-tact []i pre[]ul to-tal sunt 
in-se-rate în ta-bela
 []


Underfull \hbox (badness 4120) in paragraph at lines 800--801
[]\T1/cmr/bx/n/12 Gestionarea Re-zer-v -ri-lor: \T1/cmr/m/n/12 Uti-li-za-to-rii
 []i pro-pri-e-ta-rii pot vi-zu-a-liza re-zer-v -
 []


Underfull \hbox (badness 2027) in paragraph at lines 800--801
\T1/cmr/m/n/12 rile, in-te-ro-gând ta-bela \T1/cmtt/m/n/12 reservations \T1/cmr
/m/n/12 (cu \T1/cmtt/m/n/12 JOIN\T1/cmr/m/n/12 -uri c -tre \T1/cmtt/m/n/12 room
s\T1/cmr/m/n/12 , \T1/cmtt/m/n/12 properties []\T1/cmr/m/n/12 i
 []



[27]
<figuri/bd.png, id=1075, 597.432pt x 845.0772pt>
File: figuri/bd.png Graphic file (type png)
<use figuri/bd.png>
Package pdftex.def Info: figuri/bd.png  used on input line 813.
(pdftex.def)             Requested size: 483.69684pt x 684.2122pt.


Package caption Warning: The option `hypcap=true' will be ignored for this
(caption)                particular \caption on input line 814.
See the caption package documentation for explanation.



[28]

[29 <./figuri/bd.png (PNG copy)>]
<figuri/strucpr.png, id=1087, 530.73282pt x 115.93312pt>
File: figuri/strucpr.png Graphic file (type png)
<use figuri/strucpr.png>
Package pdftex.def Info: figuri/strucpr.png  used on input line 824.
(pdftex.def)             Requested size: 483.69684pt x 105.66028pt.
<figuri/bib.png, id=1090, 764.8575pt x 103.88812pt>
File: figuri/bib.png Graphic file (type png)
<use figuri/bib.png>
Package pdftex.def Info: figuri/bib.png  used on input line 833.
(pdftex.def)             Requested size: 483.69684pt x 65.69873pt.

Underfull \hbox (badness 1783) in paragraph at lines 846--847
[]\T1/cmr/m/it/12 redirect, url_for: \T1/cmr/m/n/12 Unelte pen-tru a ges-tiona 
flu-xul de na-vi-gare, permi[]ând
 []



[30 <./figuri/strucpr.png> <./figuri/bib.png>]

[31]
Capitolul 4.
<figuri/newuser.png, id=1104, 1433.355pt x 656.4525pt>
File: figuri/newuser.png Graphic file (type png)
<use figuri/newuser.png>
Package pdftex.def Info: figuri/newuser.png  used on input line 892.
(pdftex.def)             Requested size: 483.68176pt x 204.74023pt.


[32

]

[33 <./figuri/newuser.png>]
<figuri/login.png, id=1123, 1434.86063pt x 631.60968pt>
File: figuri/login.png Graphic file (type png)
<use figuri/login.png>
Package pdftex.def Info: figuri/login.png  used on input line 925.
(pdftex.def)             Requested size: 483.69684pt x 212.91331pt.


[34 <./figuri/login.png>]
Underfull \hbox (badness 3884) in paragraph at lines 970--971
[]\T1/cmr/bx/n/12 Salt-ul (sa-rea) \T1/cmr/m/n/12 este un []ir de date alea-to-
riu, ge-ne-rat auto-mat de func[]ia
 []



[35]
Overfull \hbox (0.66707pt too wide) in paragraph at lines 998--999
[]\T1/cmr/m/n/12 Verificarea se re-a-li-zeaz  prin ape-lul func[]iei \T1/cmtt/m
/n/12 bcrypt.checkpw(password.encode('utf-8'),
 []



[36]

[37]
<figuri/home1.png, id=1164, 1394.20876pt x 630.85687pt>
File: figuri/home1.png Graphic file (type png)
<use figuri/home1.png>
Package pdftex.def Info: figuri/home1.png  used on input line 1066.
(pdftex.def)             Requested size: 483.69684pt x 218.85873pt.


LaTeX Warning: `h' float specifier changed to `ht'.

<figuri/home.png, id=1167, 1392.70313pt x 641.39626pt>
File: figuri/home.png Graphic file (type png)
<use figuri/home.png>
Package pdftex.def Info: figuri/home.png  used on input line 1073.
(pdftex.def)             Requested size: 483.69684pt x 222.75977pt.

LaTeX Warning: `h' float specifier changed to `ht'.



[38]

[39 <./figuri/home1.png> <./figuri/home.png>]
<figuri/prof.png, id=1190, 1132.23pt x 449.88075pt>
File: figuri/prof.png Graphic file (type png)
<use figuri/prof.png>
Package pdftex.def Info: figuri/prof.png  used on input line 1111.
(pdftex.def)             Requested size: 435.32419pt x 172.96779pt.


[40]

[41 <./figuri/prof.png>]
<figuri/editprof.png, id=1210, 901.11656pt x 609.02531pt>
File: figuri/editprof.png Graphic file (type png)
<use figuri/editprof.png>
Package pdftex.def Info: figuri/editprof.png  used on input line 1143.
(pdftex.def)             Requested size: 483.69447pt x 292.4961pt.


Package caption Warning: The option `hypcap=true' will be ignored for this
(caption)                particular \caption on input line 1144.
See the caption package documentation for explanation.



[42 <./figuri/editprof.png>]
<figuri/admin.png, id=1223, 1117.17375pt x 526.96875pt>
File: figuri/admin.png Graphic file (type png)
<use figuri/admin.png>
Package pdftex.def Info: figuri/admin.png  used on input line 1192.
(pdftex.def)             Requested size: 483.69684pt x 228.16011pt.


Package caption Warning: The option `hypcap=true' will be ignored for this
(caption)                particular \caption on input line 1193.
See the caption package documentation for explanation.



[43]
<figuri/s3.png, id=1234, 1121.3895pt x 252.945pt>
File: figuri/s3.png Graphic file (type png)
<use figuri/s3.png>
Package pdftex.def Info: figuri/s3.png  used on input line 1221.
(pdftex.def)             Requested size: 483.69684pt x 109.10387pt.


[44 <./figuri/admin.png>]
<figuri/s4.png, id=1247, 1137.048pt x 437.83575pt>
File: figuri/s4.png Graphic file (type png)
<use figuri/s4.png>
Package pdftex.def Info: figuri/s4.png  used on input line 1234.
(pdftex.def)             Requested size: 483.69684pt x 186.25478pt.


Package caption Warning: The option `hypcap=true' will be ignored for this
(caption)                particular \caption on input line 1235.
See the caption package documentation for explanation.



[45 <./figuri/s3.png> <./figuri/s4.png>]
Underfull \hbox (badness 1189) in paragraph at lines 1243--1243
|[]\T1/cmr/bx/n/14.4 Etapa 3: Cal-cu-la-to-rul de Dis-po-ni-bi-li-tate []i Re-c
o-man-d ri
 []

<figuri/prop.png, id=1259, 1127.412pt x 536.0025pt>
File: figuri/prop.png Graphic file (type png)
<use figuri/prop.png>
Package pdftex.def Info: figuri/prop.png  used on input line 1251.
(pdftex.def)             Requested size: 483.69684pt x 229.96132pt.

Underfull \hbox (badness 2469) in paragraph at lines 1260--1261
\T1/cmr/m/n/12 Aceast  func[]ie Py-thon re-pre-zint  nu-cleul in-te-li-gent al 
sis-te-mu-lui de c -u-tare. Ea
 []



[46 <./figuri/prop.png>]
<figuri/addprop1.png, id=1271, 1028.643pt x 422.7795pt>
File: figuri/addprop1.png Graphic file (type png)
<use figuri/addprop1.png>
Package pdftex.def Info: figuri/addprop1.png  used on input line 1272.
(pdftex.def)             Requested size: 483.69684pt x 198.80315pt.
<figuri/addprop2.png, id=1273, 908.193pt x 537.80925pt>
File: figuri/addprop2.png Graphic file (type png)
<use figuri/addprop2.png>
Package pdftex.def Info: figuri/addprop2.png  used on input line 1279.
(pdftex.def)             Requested size: 483.69684pt x 286.4326pt.


LaTeX Warning: `h' float specifier changed to `ht'.



[47 <./figuri/addprop1.png>]

[48 <./figuri/addprop2.png>]
<figuri/myprop.png, id=1294, 1396.4672pt x 605.26125pt>
File: figuri/myprop.png Graphic file (type png)
<use figuri/myprop.png>
Package pdftex.def Info: figuri/myprop.png  used on input line 1326.
(pdftex.def)             Requested size: 483.69684pt x 209.64655pt.


[49 <./figuri/myprop.png>]
<figuri/editprop1.png, id=1303, 872.058pt x 304.13625pt>
File: figuri/editprop1.png Graphic file (type png)
<use figuri/editprop1.png>
Package pdftex.def Info: figuri/editprop1.png  used on input line 1355.
(pdftex.def)             Requested size: 483.69684pt x 168.69551pt.

Underfull \hbox (badness 1043) in paragraph at lines 1352--1359
[]\T1/cmr/bx/n/12 Date Ge-ne-rale: \T1/cmr/m/n/12 Prima parte a for-mu-la-ru-lu
i con[]ine câm-pu-rile pen-tru de-ta-li-ile
 []

<figuri/editprop2.png, id=1305, 988.29225pt x 513.71925pt>
File: figuri/editprop2.png Graphic file (type png)
<use figuri/editprop2.png>
Package pdftex.def Info: figuri/editprop2.png  used on input line 1362.
(pdftex.def)             Requested size: 483.69684pt x 251.42676pt.


[50 <./figuri/editprop1.png>]

[51 <./figuri/editprop2.png>]

Package hyperref Warning: Difference (2) between bookmark levels is greater 
(hyperref)                than one, level fixed on input line 1405.



[52]
Underfull \hbox (badness 10000) in paragraph at lines 1416--1416
|[]\T1/cmr/bx/n/14.4 C utarea []i Ini[]ierea Re-zer-v -rii (\T1/cmtt/m/n/14.4 /
search_results []\T1/cmr/bx/n/14.4 i
 []

File: figuri/s4.png Graphic file (type png)
<use figuri/s4.png>
Package pdftex.def Info: figuri/s4.png  used on input line 1428.
(pdftex.def)             Requested size: 483.69684pt x 186.25478pt.
File: figuri/prop.png Graphic file (type png)
<use figuri/prop.png>
Package pdftex.def Info: figuri/prop.png  used on input line 1437.
(pdftex.def)             Requested size: 483.69684pt x 229.96132pt.

LaTeX Warning: `h' float specifier changed to `ht'.



[53]
<figuri/rez.png, id=1344, 684.75826pt x 516.7305pt>
File: figuri/rez.png Graphic file (type png)
<use figuri/rez.png>
Package pdftex.def Info: figuri/rez.png  used on input line 1452.
(pdftex.def)             Requested size: 483.69684pt x 365.00467pt.


LaTeX Warning: `h' float specifier changed to `ht'.

<figuri/confrez.png, id=1346, 1128.01425pt x 497.4585pt>
File: figuri/confrez.png Graphic file (type png)
<use figuri/confrez.png>
Package pdftex.def Info: figuri/confrez.png  used on input line 1477.
(pdftex.def)             Requested size: 483.69684pt x 213.31091pt.


[54]

LaTeX Warning: `h' float specifier changed to `ht'.


Underfull \hbox (badness 3815) in paragraph at lines 1488--1489
[]\T1/cmr/bx/n/12 Verificare se-siune: \T1/cmr/m/n/12 Ve-ri-fic  dac  uti-li-za
-to-rul este lo-gat []i dac  exist  un
 []



[55 <./figuri/rez.png>]
<figuri/myres.png, id=1365, 1125.003pt x 341.47575pt>
File: figuri/myres.png Graphic file (type png)
<use figuri/myres.png>
Package pdftex.def Info: figuri/myres.png  used on input line 1513.
(pdftex.def)             Requested size: 483.69684pt x 146.81607pt.


LaTeX Warning: `h' float specifier changed to `ht'.



[56 <./figuri/confrez.png>]
Underfull \hbox (badness 1286) in paragraph at lines 1526--1527
[]\T1/cmr/bx/n/12 Randare tem-plate: \T1/cmr/m/n/12 Da-tele co-lec-tate []i pro
-ce-sate sunt trans-mise template-ului
 []


Overfull \hbox (17.53073pt too wide) in paragraph at lines 1533--1533
|[]\T1/cmr/bx/n/14.4 Anularea Re-zer-v -rii (\T1/cmtt/m/n/14.4 /cancel_reservat
ion/<int:reservation_id>\T1/cmr/bx/n/14.4 )| 
 []



[57 <./figuri/myres.png>]
<figuri/proprez.png, id=1389, 1133.4345pt x 454.69875pt>
File: figuri/proprez.png Graphic file (type png)
<use figuri/proprez.png>
Package pdftex.def Info: figuri/proprez.png  used on input line 1573.
(pdftex.def)             Requested size: 483.69684pt x 194.04576pt.

Underfull \hbox (badness 1728) in paragraph at lines 1580--1580
|[]\T1/cmr/bx/n/12 Logica Ba-c-kend (\T1/cmtt/m/n/12 /manage_property_reservati
ons/<int:property_id> \T1/cmr/bx/n/12 în
 []



[58 <./figuri/proprez.png>]

[59]
Capitolul 5.

Underfull \hbox (badness 1281) in paragraph at lines 1604--1604
|[]\T1/cmr/bx/n/14.4 Integrarea Nginx cu Flask ca Re-verse Proxy []i Ser-vi-rea

 []



[60

]

[61]

[62]

[63]
Capitolul 6.


[64

]

[65]
Underfull \hbox (badness 10000) in paragraph at lines 1735--1736
[]\T1/cmr/bx/n/12 Configurare Test din UI: \T1/cmr/m/n/12 Din interfa[]a web a 
Lo-cust (ac-ce-si-bil  la
 []



[66]

Package hyperref Warning: Difference (2) between bookmark levels is greater 
(hyperref)                than one, level fixed on input line 1760.



[67]

[68]

Package hyperref Warning: Difference (2) between bookmark levels is greater 
(hyperref)                than one, level fixed on input line 1837.



[69]
Capitolul 7.

Underfull \hbox (badness 4479) in paragraph at lines 1862--1863
[]\T1/cmr/m/n/12 S-au im-ple-men-tat flu-xuri de ma-na-ge-ment pen-tru pro-pri-
e-tari (ad -u-ga-re/e-di-tare
 []



[70

]

[71]
No file teza.bbl.


[72]
Anexa A.

Package hyperref Warning: Token not allowed in a PDF string (Unicode):
(hyperref)                removing `\advance' on input line 1913.


Package hyperref Warning: Token not allowed in a PDF string (Unicode):
(hyperref)                removing `\hangindent' on input line 1913.


Package hyperref Warning: Token not allowed in a PDF string (Unicode):
(hyperref)                removing `\@tempdima' on input line 1913.


Package hyperref Warning: Token not allowed in a PDF string (Unicode):
(hyperref)                removing `\hbox' on input line 1913.

Package hyperref Info: bookmark level for unknown lstlisting defaults to 0 on i
nput line 1915.


[73

]
(C:\Users\senapi\AppData\Local\Programs\MiKTeX\tex/latex/listings\lstlang1.sty
File: lstlang1.sty 2024/09/23 1.10c listings language file
) (C:\Users\senapi\AppData\Local\Programs\MiKTeX\tex/latex/listings\lstmisc.sty
File: lstmisc.sty 2024/09/23 1.10c (Carsten Heinz)
)

[74]

[75]
(C:\Users\senapi\AppData\Local\Programs\MiKTeX\tex/latex/listings\lstlang1.sty
File: lstlang1.sty 2024/09/23 1.10c listings language file
)

[76]

[77]

[78]

[79]

[80]

[81]

[82]

[83]

[84] (teza.aux)
 ***********
LaTeX2e <2025-06-01> patch level 1
L3 programming layer <2025-07-20>
 ***********


LaTeX Warning: There were undefined references.


LaTeX Warning: There were multiply-defined labels.


Package rerunfilecheck Warning: File `teza.out' has changed.
(rerunfilecheck)                Rerun to get outlines right
(rerunfilecheck)                or use package `bookmark'.

Package rerunfilecheck Info: Checksums for `teza.out':
(rerunfilecheck)             Before: 423C9DCCFE4C8FD2A588A8BED7C9698D;35195
(rerunfilecheck)             After:  25544F1E734EA7A3DD4D1F3DFECBE74B;34963.
 ) 
Here is how much of TeX's memory you used:
 24388 strings out of 468134
 443310 string characters out of 5430256
 1482939 words of memory out of 5000000
 51838 multiletter control sequences out of 15000+600000
 649078 words of font info for 90 fonts, out of 8000000 for 9000
 1141 hyphenation exceptions out of 8191
 78i,16n,95p,2486b,2310s stack positions out of 10000i,1000n,20000p,200000b,200000s

pdfTeX warning (dest): name{subsection.7.2.3} has been referenced but does not 
exist, replaced by a fixed one

 <C:\Users\senapi\AppData\Local\MiKTeX\fonts/pk/ljfour/jknappen/ec/dpi600\ectt1
095.pk> <C:\Users\senapi\AppData\Local\MiKTeX\fonts/pk/ljfour/jknappen/ec/dpi60
0\ectt1440.pk> <C:\Users\senapi\AppData\Local\MiKTeX\fonts/pk/ljfour/jknappen/e
c/dpi600\tcrm1200.pk> <C:\Users\senapi\AppData\Local\MiKTeX\fonts/pk/ljfour/jkn
appen/ec/dpi600\ectt1200.pk> <C:\Users\senapi\AppData\Local\MiKTeX\fonts/pk/ljf
our/jknappen/ec/dpi600\ecrm0600.pk> <C:\Users\senapi\AppData\Local\MiKTeX\fonts
/pk/ljfour/jknappen/ec/dpi600\ecbx0600.pk> <C:\Users\senapi\AppData\Local\MiKTe
X\fonts/pk/ljfour/jknappen/ec/dpi600\ecbx1200.pk> <C:\Users\senapi\AppData\Loca
l\MiKTeX\fonts/pk/ljfour/jknappen/ec/dpi600\ecti0600.pk> <C:\Users\senapi\AppDa
ta\Local\MiKTeX\fonts/pk/ljfour/jknappen/ec/dpi600\ecti1200.pk> <C:\Users\senap
i\AppData\Local\MiKTeX\fonts/pk/ljfour/jknappen/ec/dpi600\ecrm1200.pk> <C:\User
s\senapi\AppData\Local\MiKTeX\fonts/pk/ljfour/jknappen/ec/dpi600\ecti0700.pk> <
C:\Users\senapi\AppData\Local\MiKTeX\fonts/pk/ljfour/jknappen/ec/dpi600\ecti144
0.pk> <C:\Users\senapi\AppData\Local\MiKTeX\fonts/pk/ljfour/jknappen/ec/dpi600\
ecbx0700.pk> <C:\Users\senapi\AppData\Local\MiKTeX\fonts/pk/ljfour/jknappen/ec/
dpi600\ecbx1440.pk> <C:\Users\senapi\AppData\Local\MiKTeX\fonts/pk/ljfour/jknap
pen/ec/dpi600\ecbx2488.pk> <C:\Users\senapi\AppData\Local\MiKTeX\fonts/pk/ljfou
r/jknappen/ec/dpi600\ecbx1000.pk> <C:\Users\senapi\AppData\Local\MiKTeX\fonts/p
k/ljfour/jknappen/ec/dpi600\ecbx1728.pk> <C:\Users\senapi\AppData\Local\MiKTeX\
fonts/pk/ljfour/jknappen/ec/dpi600\ecrm0700.pk> <C:\Users\senapi\AppData\Local\
MiKTeX\fonts/pk/ljfour/jknappen/ec/dpi600\ecrm1440.pk><C:/Users/senapi/AppData/
Local/Programs/MiKTeX/fonts/type1/public/amsfonts/cm/cmmi12.pfb>
Output written on teza.pdf (94 pages, 2332238 bytes).
PDF statistics:
 2843 PDF objects out of 2984 (max. 8388607)
 867 named destinations out of 1000 (max. 500000)
 1608 words of extra memory for PDF output out of 10000 (max. 10000000)

